Archive member included to satisfy reference by file (symbol)

/home/jet/work/tools/gcc-arm-none-eabi-9-2019-q4-major/bin/../lib/gcc/arm-none-eabi/9.2.1/thumb/v7e-m/nofp/libgcc.a(_arm_addsubdf3.o)
                              ./src/MQTTSim800.o (__aeabi_f2d)
/home/jet/work/tools/gcc-arm-none-eabi-9-2019-q4-major/bin/../lib/gcc/arm-none-eabi/9.2.1/thumb/v7e-m/nofp/libgcc.a(_aeabi_uldivmod.o)
                              ./system/src/stm32f4-hal/stm32f4xx_hal_rcc.o (__aeabi_uldivmod)
/home/jet/work/tools/gcc-arm-none-eabi-9-2019-q4-major/bin/../lib/gcc/arm-none-eabi/9.2.1/thumb/v7e-m/nofp/libgcc.a(_udivmoddi4.o)
                              /home/jet/work/tools/gcc-arm-none-eabi-9-2019-q4-major/bin/../lib/gcc/arm-none-eabi/9.2.1/thumb/v7e-m/nofp/libgcc.a(_aeabi_uldivmod.o) (__udivmoddi4)
/home/jet/work/tools/gcc-arm-none-eabi-9-2019-q4-major/bin/../lib/gcc/arm-none-eabi/9.2.1/thumb/v7e-m/nofp/libgcc.a(_dvmd_tls.o)
                              /home/jet/work/tools/gcc-arm-none-eabi-9-2019-q4-major/bin/../lib/gcc/arm-none-eabi/9.2.1/thumb/v7e-m/nofp/libgcc.a(_aeabi_uldivmod.o) (__aeabi_ldiv0)
/home/jet/work/tools/gcc-arm-none-eabi-9-2019-q4-major/bin/../lib/gcc/arm-none-eabi/9.2.1/../../../../arm-none-eabi/lib/thumb/v7e-m/nofp/libg_nano.a(lib_a-atoi.o)
                              ./src/main.o (atoi)
/home/jet/work/tools/gcc-arm-none-eabi-9-2019-q4-major/bin/../lib/gcc/arm-none-eabi/9.2.1/../../../../arm-none-eabi/lib/thumb/v7e-m/nofp/libg_nano.a(lib_a-errno.o)
                              ./system/src/newlib/sbrk.o (__errno)
/home/jet/work/tools/gcc-arm-none-eabi-9-2019-q4-major/bin/../lib/gcc/arm-none-eabi/9.2.1/../../../../arm-none-eabi/lib/thumb/v7e-m/nofp/libg_nano.a(lib_a-impure.o)
                              /home/jet/work/tools/gcc-arm-none-eabi-9-2019-q4-major/bin/../lib/gcc/arm-none-eabi/9.2.1/../../../../arm-none-eabi/lib/thumb/v7e-m/nofp/libg_nano.a(lib_a-errno.o) (_impure_ptr)
/home/jet/work/tools/gcc-arm-none-eabi-9-2019-q4-major/bin/../lib/gcc/arm-none-eabi/9.2.1/../../../../arm-none-eabi/lib/thumb/v7e-m/nofp/libg_nano.a(lib_a-memcpy-stub.o)
                              ./src/MQTTPacket.o (memcpy)
/home/jet/work/tools/gcc-arm-none-eabi-9-2019-q4-major/bin/../lib/gcc/arm-none-eabi/9.2.1/../../../../arm-none-eabi/lib/thumb/v7e-m/nofp/libg_nano.a(lib_a-memset.o)
                              ./src/MQTTSim800.o (memset)
/home/jet/work/tools/gcc-arm-none-eabi-9-2019-q4-major/bin/../lib/gcc/arm-none-eabi/9.2.1/../../../../arm-none-eabi/lib/thumb/v7e-m/nofp/libg_nano.a(lib_a-snprintf.o)
                              ./src/MQTTFormat.o (snprintf)
/home/jet/work/tools/gcc-arm-none-eabi-9-2019-q4-major/bin/../lib/gcc/arm-none-eabi/9.2.1/../../../../arm-none-eabi/lib/thumb/v7e-m/nofp/libg_nano.a(lib_a-sprintf.o)
                              ./src/MQTTSim800.o (sprintf)
/home/jet/work/tools/gcc-arm-none-eabi-9-2019-q4-major/bin/../lib/gcc/arm-none-eabi/9.2.1/../../../../arm-none-eabi/lib/thumb/v7e-m/nofp/libg_nano.a(lib_a-strlen.o)
                              ./system/src/diag/trace.o (strlen)
/home/jet/work/tools/gcc-arm-none-eabi-9-2019-q4-major/bin/../lib/gcc/arm-none-eabi/9.2.1/../../../../arm-none-eabi/lib/thumb/v7e-m/nofp/libg_nano.a(lib_a-strncmp.o)
                              ./src/MQTTPacket.o (strncmp)
/home/jet/work/tools/gcc-arm-none-eabi-9-2019-q4-major/bin/../lib/gcc/arm-none-eabi/9.2.1/../../../../arm-none-eabi/lib/thumb/v7e-m/nofp/libg_nano.a(lib_a-strstr.o)
                              ./src/MQTTSim800.o (strstr)
/home/jet/work/tools/gcc-arm-none-eabi-9-2019-q4-major/bin/../lib/gcc/arm-none-eabi/9.2.1/../../../../arm-none-eabi/lib/thumb/v7e-m/nofp/libg_nano.a(lib_a-strtol.o)
                              /home/jet/work/tools/gcc-arm-none-eabi-9-2019-q4-major/bin/../lib/gcc/arm-none-eabi/9.2.1/../../../../arm-none-eabi/lib/thumb/v7e-m/nofp/libg_nano.a(lib_a-atoi.o) (_strtol_r)
/home/jet/work/tools/gcc-arm-none-eabi-9-2019-q4-major/bin/../lib/gcc/arm-none-eabi/9.2.1/../../../../arm-none-eabi/lib/thumb/v7e-m/nofp/libg_nano.a(lib_a-vsnprintf.o)
                              ./system/src/diag/trace.o (vsnprintf)
/home/jet/work/tools/gcc-arm-none-eabi-9-2019-q4-major/bin/../lib/gcc/arm-none-eabi/9.2.1/../../../../arm-none-eabi/lib/thumb/v7e-m/nofp/libg_nano.a(lib_a-ctype_.o)
                              /home/jet/work/tools/gcc-arm-none-eabi-9-2019-q4-major/bin/../lib/gcc/arm-none-eabi/9.2.1/../../../../arm-none-eabi/lib/thumb/v7e-m/nofp/libg_nano.a(lib_a-strtol.o) (_ctype_)
/home/jet/work/tools/gcc-arm-none-eabi-9-2019-q4-major/bin/../lib/gcc/arm-none-eabi/9.2.1/../../../../arm-none-eabi/lib/thumb/v7e-m/nofp/libg_nano.a(lib_a-nano-svfprintf.o)
                              /home/jet/work/tools/gcc-arm-none-eabi-9-2019-q4-major/bin/../lib/gcc/arm-none-eabi/9.2.1/../../../../arm-none-eabi/lib/thumb/v7e-m/nofp/libg_nano.a(lib_a-snprintf.o) (_svfprintf_r)
[...]
Memory Configuration

Name             Origin             Length             Attributes
RAM              0x0000000020000000 0x0000000000030000 xrw
CCMRAM           0x0000000010000000 0x0000000000010000 xrw
FLASH            0x0000000008000000 0x0000000000100000 xr
FLASHB1          0x0000000000000000 0x0000000000000000 xr
EXTMEMB0         0x0000000000000000 0x0000000000000000 xr
EXTMEMB1         0x0000000000000000 0x0000000000000000 xr
EXTMEMB2         0x0000000000000000 0x0000000000000000 xr
EXTMEMB3         0x0000000000000000 0x0000000000000000 xr
MEMORY_ARRAY     0x0000000020002000 0x0000000000000020 xrw
*default*        0x0000000000000000 0xffffffffffffffff

Linker script and memory map

LOAD ./system/src/stm32f4-hal/stm32f4xx_hal.o
LOAD ./system/src/stm32f4-hal/stm32f4xx_hal_cortex.o
LOAD ./system/src/stm32f4-hal/stm32f4xx_hal_dma.o
LOAD ./system/src/stm32f4-hal/stm32f4xx_hal_flash.o
LOAD ./system/src/stm32f4-hal/stm32f4xx_hal_flash_ex.o
LOAD ./system/src/stm32f4-hal/stm32f4xx_hal_flash_ramfunc.o
LOAD ./system/src/stm32f4-hal/stm32f4xx_hal_gpio.o
LOAD ./system/src/stm32f4-hal/stm32f4xx_hal_iwdg.o
LOAD ./system/src/stm32f4-hal/stm32f4xx_hal_pwr.o
LOAD ./system/src/stm32f4-hal/stm32f4xx_hal_rcc.o
LOAD ./system/src/stm32f4-hal/stm32f4xx_hal_uart.o
LOAD ./system/src/newlib/assert.o
LOAD ./system/src/newlib/cxx.o
LOAD ./system/src/newlib/exit.o
LOAD ./system/src/newlib/sbrk.o
LOAD ./system/src/newlib/startup.o
LOAD ./system/src/newlib/syscalls.o
LOAD ./system/src/diag/trace-impl.o
LOAD ./system/src/diag/trace.o
LOAD ./system/src/cortexm/exception-handlers.o
LOAD ./system/src/cortexm/initialize-hardware.o
LOAD ./system/src/cortexm/reset-hardware.o
LOAD ./system/src/cmsis/system_stm32f4xx.o
LOAD ./system/src/cmsis/vectors_stm32f429xx.o
LOAD ./src/MQTTConnectClient.o
LOAD ./src/MQTTDeserializePublish.o
LOAD ./src/MQTTFormat.o
LOAD ./src/MQTTPacket.o
LOAD ./src/MQTTSerializePublish.o
LOAD ./src/MQTTSim800.o
LOAD ./src/MQTTSubscribeClient.o
LOAD ./src/MQTTUnsubscribeClient.o
LOAD ./src/gpio.o
LOAD ./src/initialize-hardware.o
LOAD ./src/main.o
LOAD ./src/stm32f4xx_hal_msp.o
LOAD ./src/stm32f4xx_it.o
LOAD ./src/usart.o
LOAD ./src/write.o
LOAD /home/jet/work/tools/gcc-arm-none-eabi-9-2019-q4-major/bin/../lib/gcc/arm-none-eabi/9.2.1/../../../../arm-none-eabi/lib/thumb/v7e-m/nofp/libstdc++_nano.a
LOAD /home/jet/work/tools/gcc-arm-none-eabi-9-2019-q4-major/bin/../lib/gcc/arm-none-eabi/9.2.1/../../../../arm-none-eabi/lib/thumb/v7e-m/nofp/libm.a
START GROUP
LOAD /home/jet/work/tools/gcc-arm-none-eabi-9-2019-q4-major/bin/../lib/gcc/arm-none-eabi/9.2.1/thumb/v7e-m/nofp/libgcc.a
LOAD /home/jet/work/tools/gcc-arm-none-eabi-9-2019-q4-major/bin/../lib/gcc/arm-none-eabi/9.2.1/../../../../arm-none-eabi/lib/thumb/v7e-m/nofp/libg_nano.a
LOAD /home/jet/work/tools/gcc-arm-none-eabi-9-2019-q4-major/bin/../lib/gcc/arm-none-eabi/9.2.1/../../../../arm-none-eabi/lib/thumb/v7e-m/nofp/libc_nano.a
END GROUP
START GROUP
LOAD /home/jet/work/tools/gcc-arm-none-eabi-9-2019-q4-major/bin/../lib/gcc/arm-none-eabi/9.2.1/thumb/v7e-m/nofp/libgcc.a
LOAD /home/jet/work/tools/gcc-arm-none-eabi-9-2019-q4-major/bin/../lib/gcc/arm-none-eabi/9.2.1/../../../../arm-none-eabi/lib/thumb/v7e-m/nofp/libc_nano.a
END GROUP
                0x0000000020030000                __stack = (ORIGIN (RAM) + LENGTH (RAM))
                0x0000000020030000                _estack = __stack
                0x0000000000000400                __Main_Stack_Size = 0x400
                [!provide]                        PROVIDE (_Main_Stack_Size = __Main_Stack_Size)
                0x000000002002fc00                __Main_Stack_Limit = (__stack - __Main_Stack_Size)
                [!provide]                        PROVIDE (_Main_Stack_Limit = __Main_Stack_Limit)
                0x0000000000000100                _Minimum_Stack_Size = 0x100
                0x0000000020000d98                PROVIDE (_Heap_Begin = _end_noinit)
                0x000000002002fc00                PROVIDE (_Heap_Limit = (__stack - __Main_Stack_Size))

.isr_vector     0x0000000008000000      0x3e4
 FILL mask 0xff
                0x0000000008000000                __vectors_start = ABSOLUTE (.)
                0x0000000008000000                __vectors_start__ = ABSOLUTE (.)
 *(.isr_vector)
 .isr_vector    0x0000000008000000      0x1ac ./system/src/cmsis/vectors_stm32f429xx.o
                0x0000000008000000                __isr_vectors
 *(.cfmconfig)
 *(.after_vectors .after_vectors.*)
 .after_vectors
                0x00000000080001ac      0x130 ./system/src/newlib/startup.o
                0x00000000080001ac                _start
 .after_vectors
                0x00000000080002dc      0x104 ./system/src/cortexm/exception-handlers.o
                0x00000000080002dc                Reset_Handler
                0x00000000080002fa                HardFault_Handler_C
                0x0000000008000348                BusFault_Handler_C
                0x0000000008000390                UsageFault_Handler_C
 .after_vectors
                0x00000000080003e0        0x4 ./system/src/cmsis/vectors_stm32f429xx.o
                0x00000000080003e0                RTC_Alarm_IRQHandler
                0x00000000080003e0                HASH_RNG_IRQHandler
                0x00000000080003e0                EXTI2_IRQHandler
                0x00000000080003e0                TIM8_CC_IRQHandler
                0x00000000080003e0                UART8_IRQHandler
                0x00000000080003e0                SPI4_IRQHandler
                0x00000000080003e0                TIM1_CC_IRQHandler
                0x00000000080003e0                DMA2_Stream5_IRQHandler
                0x00000000080003e0                DMA1_Stream5_IRQHandler
                0x00000000080003e0                PVD_IRQHandler
                0x00000000080003e0                SDIO_IRQHandler
                0x00000000080003e0                TAMP_STAMP_IRQHandler
                0x00000000080003e0                CAN2_RX1_IRQHandler
                0x00000000080003e0                EXTI3_IRQHandler
                0x00000000080003e0                TIM8_TRG_COM_TIM14_IRQHandler
                0x00000000080003e0                TIM1_UP_TIM10_IRQHandler
                0x00000000080003e0                TIM8_UP_TIM13_IRQHandler
                0x00000000080003e0                I2C3_ER_IRQHandler
                0x00000000080003e0                EXTI0_IRQHandler
                0x00000000080003e0                I2C2_EV_IRQHandler
                0x00000000080003e0                DMA1_Stream2_IRQHandler
                0x00000000080003e0                CAN1_RX0_IRQHandler
                0x00000000080003e0                FPU_IRQHandler
                0x00000000080003e0                OTG_HS_WKUP_IRQHandler
                0x00000000080003e0                LTDC_ER_IRQHandler
                0x00000000080003e0                CAN2_SCE_IRQHandler
                0x00000000080003e0                DMA2_Stream2_IRQHandler
                0x00000000080003e0                SPI1_IRQHandler
                0x00000000080003e0                TIM6_DAC_IRQHandler
                0x00000000080003e0                TIM1_BRK_TIM9_IRQHandler
                0x00000000080003e0                DCMI_IRQHandler
                0x00000000080003e0                CAN2_RX0_IRQHandler
                0x00000000080003e0                DMA2_Stream3_IRQHandler
                0x00000000080003e0                USART6_IRQHandler
                0x00000000080003e0                USART3_IRQHandler
                0x00000000080003e0                CAN1_RX1_IRQHandler
                0x00000000080003e0                UART5_IRQHandler
                0x00000000080003e0                DMA2_Stream0_IRQHandler
                0x00000000080003e0                TIM4_IRQHandler
                0x00000000080003e0                I2C1_EV_IRQHandler
                0x00000000080003e0                DMA1_Stream6_IRQHandler
                0x00000000080003e0                DMA1_Stream1_IRQHandler
                0x00000000080003e0                UART4_IRQHandler
                0x00000000080003e0                TIM3_IRQHandler
                0x00000000080003e0                RCC_IRQHandler
                0x00000000080003e0                TIM8_BRK_TIM12_IRQHandler
                0x00000000080003e0                Default_Handler
                0x00000000080003e0                EXTI15_10_IRQHandler
                0x00000000080003e0                ADC_IRQHandler
                0x00000000080003e0                DMA1_Stream7_IRQHandler
                0x00000000080003e0                SPI5_IRQHandler
                0x00000000080003e0                TIM7_IRQHandler
                0x00000000080003e0                CAN2_TX_IRQHandler
                0x00000000080003e0                TIM5_IRQHandler
                0x00000000080003e0                DMA2_Stream7_IRQHandler
                0x00000000080003e0                I2C3_EV_IRQHandler
                0x00000000080003e0                EXTI9_5_IRQHandler
                0x00000000080003e0                RTC_WKUP_IRQHandler
                0x00000000080003e0                LTDC_IRQHandler
                0x00000000080003e0                ETH_WKUP_IRQHandler
                0x00000000080003e0                SPI2_IRQHandler
                0x00000000080003e0                OTG_HS_EP1_IN_IRQHandler
                0x00000000080003e0                DMA1_Stream0_IRQHandler
                0x00000000080003e0                CAN1_TX_IRQHandler
                0x00000000080003e0                EXTI4_IRQHandler
                0x00000000080003e0                ETH_IRQHandler
                0x00000000080003e0                OTG_HS_EP1_OUT_IRQHandler
                0x00000000080003e0                WWDG_IRQHandler
                0x00000000080003e0                SPI6_IRQHandler
                0x00000000080003e0                TIM2_IRQHandler
                0x00000000080003e0                OTG_FS_WKUP_IRQHandler
                0x00000000080003e0                TIM1_TRG_COM_TIM11_IRQHandler
                0x00000000080003e0                OTG_HS_IRQHandler
                0x00000000080003e0                DMA2D_IRQHandler
                0x00000000080003e0                EXTI1_IRQHandler
                0x00000000080003e0                UART7_IRQHandler
                0x00000000080003e0                I2C2_ER_IRQHandler
                0x00000000080003e0                DMA2_Stream1_IRQHandler
                0x00000000080003e0                CAN1_SCE_IRQHandler
                0x00000000080003e0                FLASH_IRQHandler
                0x00000000080003e0                DMA2_Stream4_IRQHandler
                0x00000000080003e0                USART1_IRQHandler
                0x00000000080003e0                OTG_FS_IRQHandler
                0x00000000080003e0                SPI3_IRQHandler
                0x00000000080003e0                DMA1_Stream4_IRQHandler
                0x00000000080003e0                I2C1_ER_IRQHandler
                0x00000000080003e0                FMC_IRQHandler
                0x00000000080003e0                DMA2_Stream6_IRQHandler
                0x00000000080003e0                SAI1_IRQHandler
                0x00000000080003e0                DMA1_Stream3_IRQHandler

.inits          0x00000000080003e4       0x28
                0x00000000080003e4                __data_regions_array_start = .
                0x00000000080003e4        0x4 LONG 0x8004114 LOADADDR (.data)
                0x00000000080003e8        0x4 LONG 0x20000000 ADDR (.data)
                0x00000000080003ec        0x4 LONG 0x20000080 (ADDR (.data) + SIZEOF (.data))
                0x00000000080003f0        0x4 LONG 0x8004114 LOADADDR (.data_CCMRAM)
                0x00000000080003f4        0x4 LONG 0x10000000 ADDR (.data_CCMRAM)
                0x00000000080003f8        0x4 LONG 0x10000000 (ADDR (.data_CCMRAM) + SIZEOF (.data_CCMRAM))
                0x00000000080003fc                __data_regions_array_end = .
                0x00000000080003fc                __bss_regions_array_start = .
                0x00000000080003fc        0x4 LONG 0x20000080 ADDR (.bss)
                0x0000000008000400        0x4 LONG 0x20000d98 (ADDR (.bss) + SIZEOF (.bss))
                0x0000000008000404        0x4 LONG 0x10000000 ADDR (.bss_CCMRAM)
                0x0000000008000408        0x4 LONG 0x10000000 (ADDR (.bss_CCMRAM) + SIZEOF (.bss_CCMRAM))
                0x000000000800040c                __bss_regions_array_end = .
 *(.init)
 *(.fini)
                0x000000000800040c                . = ALIGN (0x4)
                0x000000000800040c                PROVIDE (__preinit_array_start = .)
 *(.preinit_array_sysinit .preinit_array_sysinit.*)
 *(.preinit_array_platform .preinit_array_platform.*)
 *(.preinit_array .preinit_array.*)
                0x000000000800040c                PROVIDE (__preinit_array_end = .)
                0x000000000800040c                . = ALIGN (0x4)
                0x000000000800040c                PROVIDE (__init_array_start = .)
 *(SORT_BY_NAME(.init_array.*))
 *(.init_array)
                0x000000000800040c                PROVIDE (__init_array_end = .)
                0x000000000800040c                . = ALIGN (0x4)
                0x000000000800040c                PROVIDE (__fini_array_start = .)
 *(SORT_BY_NAME(.fini_array.*))
 *(.fini_array)
                0x000000000800040c                PROVIDE (__fini_array_end = .)

.flashtext
 *(.flashtext .flashtext.*)

.text           0x0000000008000410     0x3cf9
 *(.text .text.*)
 .text.HAL_InitTick
                0x0000000008000410       0x4c ./system/src/stm32f4-hal/stm32f4xx_hal.o
                0x0000000008000410                HAL_InitTick
 .text.HAL_Init
                0x000000000800045c       0x34 ./system/src/stm32f4-hal/stm32f4xx_hal.o
                0x000000000800045c                HAL_Init
 .text.HAL_IncTick
                0x0000000008000490       0x18 ./system/src/stm32f4-hal/stm32f4xx_hal.o
                0x0000000008000490                HAL_IncTick
 .text.HAL_GetTick
                0x00000000080004a8        0xc ./system/src/stm32f4-hal/stm32f4xx_hal.o
                0x00000000080004a8                HAL_GetTick
 .text.HAL_Delay
                0x00000000080004b4       0x28 ./system/src/stm32f4-hal/stm32f4xx_hal.o
                0x00000000080004b4                HAL_Delay
 .text.HAL_NVIC_SetPriorityGrouping
                0x00000000080004dc       0x3c ./system/src/stm32f4-hal/stm32f4xx_hal_cortex.o
                0x00000000080004dc                HAL_NVIC_SetPriorityGrouping
 .text.HAL_NVIC_SetPriority
                0x0000000008000518       0x8c ./system/src/stm32f4-hal/stm32f4xx_hal_cortex.o
                0x0000000008000518                HAL_NVIC_SetPriority
 .text.HAL_NVIC_EnableIRQ
                0x00000000080005a4       0x30 ./system/src/stm32f4-hal/stm32f4xx_hal_cortex.o
                0x00000000080005a4                HAL_NVIC_EnableIRQ
 .text.HAL_SYSTICK_Config
                0x00000000080005d4       0x2c ./system/src/stm32f4-hal/stm32f4xx_hal_cortex.o
                0x00000000080005d4                HAL_SYSTICK_Config
 .text.HAL_DMA_Abort_IT
                0x0000000008000600       0x26 ./system/src/stm32f4-hal/stm32f4xx_hal_dma.o
                0x0000000008000600                HAL_DMA_Abort_IT
 *fill*         0x0000000008000626        0x2 
 .text.HAL_GPIO_Init
                0x0000000008000628      0x31c ./system/src/stm32f4-hal/stm32f4xx_hal_gpio.o
                0x0000000008000628                HAL_GPIO_Init
 .text.HAL_GPIO_WritePin
                0x0000000008000944       0x38 ./system/src/stm32f4-hal/stm32f4xx_hal_gpio.o
                0x0000000008000944                HAL_GPIO_WritePin
 .text.HAL_RCC_OscConfig
                0x000000000800097c      0x4f8 ./system/src/stm32f4-hal/stm32f4xx_hal_rcc.o
                0x000000000800097c                HAL_RCC_OscConfig
 .text.HAL_RCC_GetSysClockFreq
                0x0000000008000e74       0xcc ./system/src/stm32f4-hal/stm32f4xx_hal_rcc.o
                0x0000000008000e74                HAL_RCC_GetSysClockFreq
 .text.HAL_RCC_ClockConfig
                0x0000000008000f40      0x21c ./system/src/stm32f4-hal/stm32f4xx_hal_rcc.o
                0x0000000008000f40                HAL_RCC_ClockConfig
 .text.HAL_RCC_GetHCLKFreq
                0x000000000800115c        0xc ./system/src/stm32f4-hal/stm32f4xx_hal_rcc.o
                0x000000000800115c                HAL_RCC_GetHCLKFreq
 .text.HAL_RCC_GetPCLK1Freq
                0x0000000008001168       0x20 ./system/src/stm32f4-hal/stm32f4xx_hal_rcc.o
                0x0000000008001168                HAL_RCC_GetPCLK1Freq
 .text.HAL_RCC_GetPCLK2Freq
                0x0000000008001188       0x20 ./system/src/stm32f4-hal/stm32f4xx_hal_rcc.o
                0x0000000008001188                HAL_RCC_GetPCLK2Freq
 .text.UART_EndRxTransfer
                0x00000000080011a8       0x1c ./system/src/stm32f4-hal/stm32f4xx_hal_uart.o
 .text.UART_Transmit_IT
                0x00000000080011c4       0x66 ./system/src/stm32f4-hal/stm32f4xx_hal_uart.o
 *fill*         0x000000000800122a        0x2 
 .text.UART_SetConfig
                0x000000000800122c      0x24c ./system/src/stm32f4-hal/stm32f4xx_hal_uart.o
 .text.HAL_UART_Init
                0x0000000008001478      0x138 ./system/src/stm32f4-hal/stm32f4xx_hal_uart.o
                0x0000000008001478                HAL_UART_Init
 .text.HAL_UART_Transmit_IT
                0x00000000080015b0       0x48 ./system/src/stm32f4-hal/stm32f4xx_hal_uart.o
                0x00000000080015b0                HAL_UART_Transmit_IT
 .text.HAL_UART_Receive_IT
                0x00000000080015f8       0x5c ./system/src/stm32f4-hal/stm32f4xx_hal_uart.o
                0x00000000080015f8                HAL_UART_Receive_IT
 .text.HAL_UART_TxCpltCallback
                0x0000000008001654        0x2 ./system/src/stm32f4-hal/stm32f4xx_hal_uart.o
                0x0000000008001654                HAL_UART_TxCpltCallback
 .text.UART_EndTransmit_IT
                0x0000000008001656       0x1a ./system/src/stm32f4-hal/stm32f4xx_hal_uart.o
 .text.UART_Receive_IT
                0x0000000008001670       0x9e ./system/src/stm32f4-hal/stm32f4xx_hal_uart.o
 .text.HAL_UART_ErrorCallback
                0x000000000800170e        0x2 ./system/src/stm32f4-hal/stm32f4xx_hal_uart.o
                0x000000000800170e                HAL_UART_ErrorCallback
 .text.HAL_UART_IRQHandler
                0x0000000008001710      0x128 ./system/src/stm32f4-hal/stm32f4xx_hal_uart.o
                0x0000000008001710                HAL_UART_IRQHandler
 .text.UART_DMAAbortOnError
                0x0000000008001838       0x10 ./system/src/stm32f4-hal/stm32f4xx_hal_uart.o
 .text._exit    0x0000000008001848        0x2 ./system/src/newlib/exit.o
                0x0000000008001848                _exit
 *fill*         0x000000000800184a        0x2 
 .text._sbrk    0x000000000800184c       0x44 ./system/src/newlib/sbrk.o
                0x000000000800184c                _sbrk
 .text.__initialize_args
                0x0000000008001890       0x10 ./system/src/newlib/syscalls.o
                0x0000000008001890                __initialize_args
 .text._trace_write_itm
                0x00000000080018a0       0x6e ./system/src/diag/trace-impl.o
 .text.trace_write
                0x000000000800190e        0x8 ./system/src/diag/trace-impl.o
                0x000000000800190e                trace_write
 *fill*         0x0000000008001916        0x2 
 .text.trace_printf
                0x0000000008001918       0x34 ./system/src/diag/trace.o
                0x0000000008001918                trace_printf
 .text.dumpExceptionStack
                0x000000000800194c       0xf4 ./system/src/cortexm/exception-handlers.o
                0x000000000800194c                dumpExceptionStack
 .text.__initialize_hardware_early
                0x0000000008001a40       0x18 ./system/src/cortexm/initialize-hardware.o
                0x0000000008001a40                __initialize_hardware_early
 .text.SystemInit
                0x0000000008001a58       0x10 ./system/src/cmsis/system_stm32f4xx.o
                0x0000000008001a58                SystemInit
 .text.SystemCoreClockUpdate
                0x0000000008001a68       0xa0 ./system/src/cmsis/system_stm32f4xx.o
                0x0000000008001a68                SystemCoreClockUpdate
 .text.MQTTSerialize_connectLength
                0x0000000008001b08       0x88 ./src/MQTTConnectClient.o
                0x0000000008001b08                MQTTSerialize_connectLength
 .text.MQTTSerialize_connect
                0x0000000008001b90      0x134 ./src/MQTTConnectClient.o
                0x0000000008001b90                MQTTSerialize_connect
 .text.MQTTDeserialize_publish
                0x0000000008001cc4       0x96 ./src/MQTTDeserializePublish.o
                0x0000000008001cc4                MQTTDeserialize_publish
 *fill*         0x0000000008001d5a        0x2 
 .text.bufchar  0x0000000008001d5c       0x24 ./src/MQTTPacket.o
                0x0000000008001d5c                bufchar
 .text.MQTTPacket_encode
                0x0000000008001d80       0x3e ./src/MQTTPacket.o
                0x0000000008001d80                MQTTPacket_encode
 .text.MQTTPacket_decode
                0x0000000008001dbe       0x40 ./src/MQTTPacket.o
                0x0000000008001dbe                MQTTPacket_decode
 *fill*         0x0000000008001dfe        0x2 
 .text.MQTTPacket_len
                0x0000000008001e00       0x28 ./src/MQTTPacket.o
                0x0000000008001e00                MQTTPacket_len
 .text.MQTTPacket_decodeBuf
                0x0000000008001e28       0x18 ./src/MQTTPacket.o
                0x0000000008001e28                MQTTPacket_decodeBuf
 .text.readInt  0x0000000008001e40       0x10 ./src/MQTTPacket.o
                0x0000000008001e40                readInt
 .text.readChar
                0x0000000008001e50        0xc ./src/MQTTPacket.o
                0x0000000008001e50                readChar
 .text.writeChar
                0x0000000008001e5c        0xc ./src/MQTTPacket.o
                0x0000000008001e5c                writeChar
 .text.writeInt
                0x0000000008001e68       0x2e ./src/MQTTPacket.o
                0x0000000008001e68                writeInt
 .text.writeCString
                0x0000000008001e96       0x28 ./src/MQTTPacket.o
                0x0000000008001e96                writeCString
 .text.writeMQTTString
                0x0000000008001ebe       0x44 ./src/MQTTPacket.o
                0x0000000008001ebe                writeMQTTString
 .text.readMQTTLenString
                0x0000000008001f02       0x34 ./src/MQTTPacket.o
                0x0000000008001f02                readMQTTLenString
 .text.MQTTstrlen
                0x0000000008001f36       0x1c ./src/MQTTPacket.o
                0x0000000008001f36                MQTTstrlen
 .text.MQTTSerialize_publishLength
                0x0000000008001f52       0x24 ./src/MQTTSerializePublish.o
                0x0000000008001f52                MQTTSerialize_publishLength
 .text.MQTTSerialize_publish
                0x0000000008001f76       0x90 ./src/MQTTSerializePublish.o
                0x0000000008001f76                MQTTSerialize_publish
 *fill*         0x0000000008002006        0x2 
 .text.clearRxBuffer
                0x0000000008002008       0x1c ./src/MQTTSim800.o
                0x0000000008002008                clearRxBuffer
 .text.clearMqttBuffer
                0x0000000008002024       0x24 ./src/MQTTSim800.o
                0x0000000008002024                clearMqttBuffer
 .text.SIM800_SendCommand
                0x0000000008002048       0x40 ./src/MQTTSim800.o
                0x0000000008002048                SIM800_SendCommand
 .text.MQTT_Connect
                0x0000000008002088       0xa8 ./src/MQTTSim800.o
                0x0000000008002088                MQTT_Connect
 .text.MQTT_Init
                0x0000000008002130       0xec ./src/MQTTSim800.o
                0x0000000008002130                MQTT_Init
 .text.MQTT_Pub
                0x000000000800221c       0x5c ./src/MQTTSim800.o
                0x000000000800221c                MQTT_Pub
 .text.MQTT_PubUint8
                0x0000000008002278       0x34 ./src/MQTTSim800.o
                0x0000000008002278                MQTT_PubUint8
 .text.MQTT_PubUint16
                0x00000000080022ac       0x34 ./src/MQTTSim800.o
                0x00000000080022ac                MQTT_PubUint16
 .text.MQTT_PubUint32
                0x00000000080022e0       0x34 ./src/MQTTSim800.o
                0x00000000080022e0                MQTT_PubUint32
 .text.MQTT_PubFloat
                0x0000000008002314       0x3c ./src/MQTTSim800.o
                0x0000000008002314                MQTT_PubFloat
 .text.MQTT_PubDouble
                0x0000000008002350       0x30 ./src/MQTTSim800.o
                0x0000000008002350                MQTT_PubDouble
 .text.MQTT_Sub
                0x0000000008002380       0x48 ./src/MQTTSim800.o
                0x0000000008002380                MQTT_Sub
 .text.MQTT_Receive
                0x00000000080023c8       0x70 ./src/MQTTSim800.o
                0x00000000080023c8                MQTT_Receive
 .text.Sim800_RxCallBack
                0x0000000008002438      0x150 ./src/MQTTSim800.o
                0x0000000008002438                Sim800_RxCallBack
 .text.MQTTSerialize_subscribeLength
                0x0000000008002588       0x2a ./src/MQTTSubscribeClient.o
                0x0000000008002588                MQTTSerialize_subscribeLength
 .text.MQTTSerialize_subscribe
                0x00000000080025b2       0x92 ./src/MQTTSubscribeClient.o
                0x00000000080025b2                MQTTSerialize_subscribe
 .text.MX_GPIO_Init
                0x0000000008002644       0x64 ./src/gpio.o
                0x0000000008002644                MX_GPIO_Init
 .text.__initialize_hardware
                0x00000000080026a8       0x10 ./src/initialize-hardware.o
                0x00000000080026a8                __initialize_hardware
 .text.assert_failed
                0x00000000080026b8       0x14 ./src/initialize-hardware.o
                0x00000000080026b8                assert_failed
 .text.HAL_UART_RxCpltCallback
                0x00000000080026cc       0x14 ./src/main.o
                0x00000000080026cc                HAL_UART_RxCpltCallback
 .text.Error_Handler
                0x00000000080026e0        0x4 ./src/main.o
                0x00000000080026e0                Error_Handler
 .text.SystemClock_Config
                0x00000000080026e4       0x90 ./src/main.o
                0x00000000080026e4                SystemClock_Config
 *fill*         0x0000000008002774        0x4 
 .text.main     0x0000000008002778      0x144 ./src/main.o
                0x0000000008002778                main
 .text.HAL_MspInit
                0x00000000080028bc       0x38 ./src/stm32f4xx_hal_msp.o
                0x00000000080028bc                HAL_MspInit
 .text.NMI_Handler
                0x00000000080028f4        0x2 ./src/stm32f4xx_it.o
                0x00000000080028f4                NMI_Handler
 .text.HardFault_Handler
                0x00000000080028f6        0x2 ./src/stm32f4xx_it.o
                0x00000000080028f6                HardFault_Handler
 .text.MemManage_Handler
                0x00000000080028f8        0x2 ./src/stm32f4xx_it.o
                0x00000000080028f8                MemManage_Handler
 .text.BusFault_Handler
                0x00000000080028fa        0x2 ./src/stm32f4xx_it.o
                0x00000000080028fa                BusFault_Handler
 .text.UsageFault_Handler
                0x00000000080028fc        0x2 ./src/stm32f4xx_it.o
                0x00000000080028fc                UsageFault_Handler
 .text.SVC_Handler
                0x00000000080028fe        0x2 ./src/stm32f4xx_it.o
                0x00000000080028fe                SVC_Handler
 .text.DebugMon_Handler
                0x0000000008002900        0x2 ./src/stm32f4xx_it.o
                0x0000000008002900                DebugMon_Handler
 .text.PendSV_Handler
                0x0000000008002902        0x2 ./src/stm32f4xx_it.o
                0x0000000008002902                PendSV_Handler
 .text.SysTick_Handler
                0x0000000008002904        0x8 ./src/stm32f4xx_it.o
                0x0000000008002904                SysTick_Handler
 .text.USART2_IRQHandler
                0x000000000800290c       0x10 ./src/stm32f4xx_it.o
                0x000000000800290c                USART2_IRQHandler
 .text.MX_USART2_UART_Init
                0x000000000800291c       0x34 ./src/usart.o
                0x000000000800291c                MX_USART2_UART_Init
 .text.HAL_UART_MspInit
                0x0000000008002950       0x80 ./src/usart.o
                0x0000000008002950                HAL_UART_MspInit
 .text          0x00000000080029d0      0x378 /home/jet/work/tools/gcc-arm-none-eabi-9-2019-q4-major/bin/../lib/gcc/arm-none-eabi/9.2.1/thumb/v7e-m/nofp/libgcc.a(_arm_addsubdf3.o)
                0x00000000080029d0                __aeabi_drsub
                0x00000000080029d8                __aeabi_dsub
                0x00000000080029d8                __subdf3
                0x00000000080029dc                __adddf3
                0x00000000080029dc                __aeabi_dadd
                0x0000000008002c54                __aeabi_ui2d
                0x0000000008002c54                __floatunsidf
                0x0000000008002c74                __floatsidf
                0x0000000008002c74                __aeabi_i2d
                0x0000000008002c98                __extendsfdf2
                0x0000000008002c98                __aeabi_f2d
                0x0000000008002cdc                __aeabi_ul2d
                0x0000000008002cdc                __floatundidf
                0x0000000008002cec                __floatdidf
                0x0000000008002cec                __aeabi_l2d
 .text          0x0000000008002d48       0x30 /home/jet/work/tools/gcc-arm-none-eabi-9-2019-q4-major/bin/../lib/gcc/arm-none-eabi/9.2.1/thumb/v7e-m/nofp/libgcc.a(_aeabi_uldivmod.o)
                0x0000000008002d48                __aeabi_uldivmod
 .text          0x0000000008002d78      0x2c0 /home/jet/work/tools/gcc-arm-none-eabi-9-2019-q4-major/bin/../lib/gcc/arm-none-eabi/9.2.1/thumb/v7e-m/nofp/libgcc.a(_udivmoddi4.o)
                0x0000000008002d78                __udivmoddi4
 .text          0x0000000008003038        0x4 /home/jet/work/tools/gcc-arm-none-eabi-9-2019-q4-major/bin/../lib/gcc/arm-none-eabi/9.2.1/thumb/v7e-m/nofp/libgcc.a(_dvmd_tls.o)
                0x0000000008003038                __aeabi_ldiv0
                0x0000000008003038                __aeabi_idiv0
 .text.atoi     0x000000000800303c        0x8 /home/jet/work/tools/gcc-arm-none-eabi-9-2019-q4-major/bin/../lib/gcc/arm-none-eabi/9.2.1/../../../../arm-none-eabi/lib/thumb/v7e-m/nofp/libg_nano.a(lib_a-atoi.o)
                0x000000000800303c                atoi
 .text.__errno  0x0000000008003044        0xc /home/jet/work/tools/gcc-arm-none-eabi-9-2019-q4-major/bin/../lib/gcc/arm-none-eabi/9.2.1/../../../../arm-none-eabi/lib/thumb/v7e-m/nofp/libg_nano.a(lib_a-errno.o)
                0x0000000008003044                __errno
 .text.memcpy   0x0000000008003050       0x1c /home/jet/work/tools/gcc-arm-none-eabi-9-2019-q4-major/bin/../lib/gcc/arm-none-eabi/9.2.1/../../../../arm-none-eabi/lib/thumb/v7e-m/nofp/libg_nano.a(lib_a-memcpy-stub.o)
                0x0000000008003050                memcpy
 .text.memset   0x000000000800306c       0x10 /home/jet/work/tools/gcc-arm-none-eabi-9-2019-q4-major/bin/../lib/gcc/arm-none-eabi/9.2.1/../../../../arm-none-eabi/lib/thumb/v7e-m/nofp/libg_nano.a(lib_a-memset.o)
                0x000000000800306c                memset
 .text.snprintf
                0x000000000800307c       0x68 /home/jet/work/tools/gcc-arm-none-eabi-9-2019-q4-major/bin/../lib/gcc/arm-none-eabi/9.2.1/../../../../arm-none-eabi/lib/thumb/v7e-m/nofp/libg_nano.a(lib_a-snprintf.o)
                0x000000000800307c                snprintf
                0x000000000800307c                sniprintf
 .text.sprintf  0x00000000080030e4       0x40 /home/jet/work/tools/gcc-arm-none-eabi-9-2019-q4-major/bin/../lib/gcc/arm-none-eabi/9.2.1/../../../../arm-none-eabi/lib/thumb/v7e-m/nofp/libg_nano.a(lib_a-sprintf.o)
                0x00000000080030e4                sprintf
                0x00000000080030e4                siprintf
 .text          0x0000000008003124       0x10 /home/jet/work/tools/gcc-arm-none-eabi-9-2019-q4-major/bin/../lib/gcc/arm-none-eabi/9.2.1/../../../../arm-none-eabi/lib/thumb/v7e-m/nofp/libg_nano.a(lib_a-strlen.o)
                0x0000000008003124                strlen
 .text.strstr   0x0000000008003134       0x2e /home/jet/work/tools/gcc-arm-none-eabi-9-2019-q4-major/bin/../lib/gcc/arm-none-eabi/9.2.1/../../../../arm-none-eabi/lib/thumb/v7e-m/nofp/libg_nano.a(lib_a-strstr.o)
                0x0000000008003134                strstr
 *fill*         0x0000000008003162        0x2 
 .text._strtol_l.isra.0
                0x0000000008003164       0xf4 /home/jet/work/tools/gcc-arm-none-eabi-9-2019-q4-major/bin/../lib/gcc/arm-none-eabi/9.2.1/../../../../arm-none-eabi/lib/thumb/v7e-m/nofp/libg_nano.a(lib_a-strtol.o)
 .text.strtol   0x0000000008003258       0x14 /home/jet/work/tools/gcc-arm-none-eabi-9-2019-q4-major/bin/../lib/gcc/arm-none-eabi/9.2.1/../../../../arm-none-eabi/lib/thumb/v7e-m/nofp/libg_nano.a(lib_a-strtol.o)
                0x0000000008003258                strtol
 .text._vsnprintf_r
                0x000000000800326c       0x58 /home/jet/work/tools/gcc-arm-none-eabi-9-2019-q4-major/bin/../lib/gcc/arm-none-eabi/9.2.1/../../../../arm-none-eabi/lib/thumb/v7e-m/nofp/libg_nano.a(lib_a-vsnprintf.o)
                0x000000000800326c                _vsnprintf_r
                0x000000000800326c                _vsniprintf_r
 .text.vsnprintf
                0x00000000080032c4       0x1c /home/jet/work/tools/gcc-arm-none-eabi-9-2019-q4-major/bin/../lib/gcc/arm-none-eabi/9.2.1/../../../../arm-none-eabi/lib/thumb/v7e-m/nofp/libg_nano.a(lib_a-vsnprintf.o)
                0x00000000080032c4                vsnprintf
                0x00000000080032c4                vsniprintf
 .text.__ssputs_r
                0x00000000080032e0       0xb6 /home/jet/work/tools/gcc-arm-none-eabi-9-2019-q4-major/bin/../lib/gcc/arm-none-eabi/9.2.1/../../../../arm-none-eabi/lib/thumb/v7e-m/nofp/libg_nano.a(lib_a-nano-svfprintf.o)
                0x00000000080032e0                __ssputs_r
 *fill*         0x0000000008003396        0x2 
 .text._svfprintf_r
                0x0000000008003398      0x200 /home/jet/work/tools/gcc-arm-none-eabi-9-2019-q4-major/bin/../lib/gcc/arm-none-eabi/9.2.1/../../../../arm-none-eabi/lib/thumb/v7e-m/nofp/libg_nano.a(lib_a-nano-svfprintf.o)
                0x0000000008003398                _svfprintf_r
                0x0000000008003398                _svfiprintf_r
 .text._printf_common
                0x0000000008003598       0xda /home/jet/work/tools/gcc-arm-none-eabi-9-2019-q4-major/bin/../lib/gcc/arm-none-eabi/9.2.1/../../../../arm-none-eabi/lib/thumb/v7e-m/nofp/libg_nano.a(lib_a-nano-vfprintf_i.o)
                0x0000000008003598                _printf_common
 *fill*         0x0000000008003672        0x2 
 .text._printf_i
                0x0000000008003674      0x24c /home/jet/work/tools/gcc-arm-none-eabi-9-2019-q4-major/bin/../lib/gcc/arm-none-eabi/9.2.1/../../../../arm-none-eabi/lib/thumb/v7e-m/nofp/libg_nano.a(lib_a-nano-vfprintf_i.o)
                0x0000000008003674                _printf_i
 .text          0x00000000080038c0       0xa0 /home/jet/work/tools/gcc-arm-none-eabi-9-2019-q4-major/bin/../lib/gcc/arm-none-eabi/9.2.1/../../../../arm-none-eabi/lib/thumb/v7e-m/nofp/libg_nano.a(lib_a-memchr.o)
                0x00000000080038c0                memchr
 .text.memmove  0x0000000008003960       0x34 /home/jet/work/tools/gcc-arm-none-eabi-9-2019-q4-major/bin/../lib/gcc/arm-none-eabi/9.2.1/../../../../arm-none-eabi/lib/thumb/v7e-m/nofp/libg_nano.a(lib_a-memmove.o)
                0x0000000008003960                memmove
 .text._free_r  0x0000000008003994       0x9c /home/jet/work/tools/gcc-arm-none-eabi-9-2019-q4-major/bin/../lib/gcc/arm-none-eabi/9.2.1/../../../../arm-none-eabi/lib/thumb/v7e-m/nofp/libg_nano.a(lib_a-nano-freer.o)
                0x0000000008003994                _free_r
 .text._malloc_r
                0x0000000008003a30       0xb4 /home/jet/work/tools/gcc-arm-none-eabi-9-2019-q4-major/bin/../lib/gcc/arm-none-eabi/9.2.1/../../../../arm-none-eabi/lib/thumb/v7e-m/nofp/libg_nano.a(lib_a-nano-mallocr.o)
                0x0000000008003a30                _malloc_r
 .text._realloc_r
                0x0000000008003ae4       0x4c /home/jet/work/tools/gcc-arm-none-eabi-9-2019-q4-major/bin/../lib/gcc/arm-none-eabi/9.2.1/../../../../arm-none-eabi/lib/thumb/v7e-m/nofp/libg_nano.a(lib_a-nano-reallocr.o)
                0x0000000008003ae4                _realloc_r
 .text._sbrk_r  0x0000000008003b30       0x20 /home/jet/work/tools/gcc-arm-none-eabi-9-2019-q4-major/bin/../lib/gcc/arm-none-eabi/9.2.1/../../../../arm-none-eabi/lib/thumb/v7e-m/nofp/libg_nano.a(lib_a-sbrkr.o)
                0x0000000008003b30                _sbrk_r
 .text.__malloc_lock
                0x0000000008003b50        0xc /home/jet/work/tools/gcc-arm-none-eabi-9-2019-q4-major/bin/../lib/gcc/arm-none-eabi/9.2.1/../../../../arm-none-eabi/lib/thumb/v7e-m/nofp/libg_nano.a(lib_a-mlock.o)
                0x0000000008003b50                __malloc_lock
 .text.__malloc_unlock
                0x0000000008003b5c        0xc /home/jet/work/tools/gcc-arm-none-eabi-9-2019-q4-major/bin/../lib/gcc/arm-none-eabi/9.2.1/../../../../arm-none-eabi/lib/thumb/v7e-m/nofp/libg_nano.a(lib_a-mlock.o)
                0x0000000008003b5c                __malloc_unlock
 .text._malloc_usable_size_r
                0x0000000008003b68       0x10 /home/jet/work/tools/gcc-arm-none-eabi-9-2019-q4-major/bin/../lib/gcc/arm-none-eabi/9.2.1/../../../../arm-none-eabi/lib/thumb/v7e-m/nofp/libg_nano.a(lib_a-nano-msizer.o)
                0x0000000008003b68                _malloc_usable_size_r
 .text.__retarget_lock_acquire_recursive
                0x0000000008003b78        0x2 /home/jet/work/tools/gcc-arm-none-eabi-9-2019-q4-major/bin/../lib/gcc/arm-none-eabi/9.2.1/../../../../arm-none-eabi/lib/thumb/v7e-m/nofp/libg_nano.a(lib_a-lock.o)
                0x0000000008003b78                __retarget_lock_acquire_recursive
 .text.__retarget_lock_release_recursive
                0x0000000008003b7a        0x2 /home/jet/work/tools/gcc-arm-none-eabi-9-2019-q4-major/bin/../lib/gcc/arm-none-eabi/9.2.1/../../../../arm-none-eabi/lib/thumb/v7e-m/nofp/libg_nano.a(lib_a-lock.o)
                0x0000000008003b7a                __retarget_lock_release_recursive
 *(.rodata .rodata.* .constdata .constdata.*)
 .rodata.HAL_NVIC_SetPriorityGrouping.str1.4
                0x0000000008003b7c       0x31 ./system/src/stm32f4-hal/stm32f4xx_hal_cortex.o
 *fill*         0x0000000008003bad        0x3 
 .rodata.HAL_GPIO_Init.str1.4
                0x0000000008003bb0       0x2f ./system/src/stm32f4-hal/stm32f4xx_hal_gpio.o
 *fill*         0x0000000008003bdf        0x1 
 .rodata.HAL_RCC_OscConfig.str1.4
                0x0000000008003be0       0x2e ./system/src/stm32f4-hal/stm32f4xx_hal_rcc.o
 *fill*         0x0000000008003c0e        0x2 
 .rodata.UART_SetConfig.str1.4
                0x0000000008003c10       0x2f ./system/src/stm32f4-hal/stm32f4xx_hal_uart.o
 *fill*         0x0000000008003c3f        0x1 
 .rodata.dumpExceptionStack.str1.4
                0x0000000008003c40      0x11a ./system/src/cortexm/exception-handlers.o
 *fill*         0x0000000008003d5a        0x2 
 .rodata.str1.4
                0x0000000008003d5c       0x2a ./system/src/cortexm/exception-handlers.o
 *fill*         0x0000000008003d86        0x2 
 .rodata.AHBPrescTable
                0x0000000008003d88       0x10 ./system/src/cmsis/system_stm32f4xx.o
                0x0000000008003d88                AHBPrescTable
 .rodata.APBPrescTable
                0x0000000008003d98        0x8 ./system/src/cmsis/system_stm32f4xx.o
                0x0000000008003d98                APBPrescTable
 .rodata.MQTTSerialize_connect.str1.4
                0x0000000008003da0        0xf ./src/MQTTConnectClient.o
 *fill*         0x0000000008003daf        0x1 
 .rodata.MQTT_Connect.str1.4
                0x0000000008003db0       0x21 ./src/MQTTSim800.o
 *fill*         0x0000000008003dd1        0x3 
 .rodata.MQTT_Init.str1.4
                0x0000000008003dd4       0x7f ./src/MQTTSim800.o
                                         0x83 (size before relaxing)
 *fill*         0x0000000008003e53        0x1 
 .rodata.MQTT_PubUint8.str1.4
                0x0000000008003e54        0x3 ./src/MQTTSim800.o
 *fill*         0x0000000008003e57        0x1 
 .rodata.MQTT_PubUint32.str1.4
                0x0000000008003e58        0x4 ./src/MQTTSim800.o
 .rodata.MQTT_PubFloat.str1.4
                0x0000000008003e5c        0x3 ./src/MQTTSim800.o
 *fill*         0x0000000008003e5f        0x1 
 .rodata.Sim800_RxCallBack.str1.4
                0x0000000008003e60       0x38 ./src/MQTTSim800.o
                                         0x3c (size before relaxing)
 .rodata        0x0000000008003e98       0x58 ./src/MQTTSim800.o
 .rodata.assert_failed.str1.4
                0x0000000008003ef0       0x2d ./src/initialize-hardware.o
 *fill*         0x0000000008003f1d        0x3 
 .rodata.main.str1.4
                0x0000000008003f20       0xb5 ./src/main.o
                                         0xb9 (size before relaxing)
 .rodata._ctype_
                0x0000000008003fd5      0x101 /home/jet/work/tools/gcc-arm-none-eabi-9-2019-q4-major/bin/../lib/gcc/arm-none-eabi/9.2.1/../../../../arm-none-eabi/lib/thumb/v7e-m/nofp/libg_nano.a(lib_a-ctype_.o)
                0x0000000008003fd5                _ctype_
 .rodata._svfprintf_r.str1.1
                0x00000000080040d6       0x11 /home/jet/work/tools/gcc-arm-none-eabi-9-2019-q4-major/bin/../lib/gcc/arm-none-eabi/9.2.1/../../../../arm-none-eabi/lib/thumb/v7e-m/nofp/libg_nano.a(lib_a-nano-svfprintf.o)
 .rodata._printf_i.str1.1
                0x00000000080040e7       0x22 /home/jet/work/tools/gcc-arm-none-eabi-9-2019-q4-major/bin/../lib/gcc/arm-none-eabi/9.2.1/../../../../arm-none-eabi/lib/thumb/v7e-m/nofp/libg_nano.a(lib_a-nano-vfprintf_i.o)
 *(vtable)
 *(.eh_frame*)
 *(.glue_7)
 .glue_7        0x0000000008004109        0x0 linker stubs
 *(.glue_7t)
 .glue_7t       0x0000000008004109        0x0 linker stubs

.vfp11_veneer   0x000000000800410c        0x0
 .vfp11_veneer  0x000000000800410c        0x0 linker stubs

.v4_bx          0x000000000800410c        0x0
 .v4_bx         0x000000000800410c        0x0 linker stubs

.iplt           0x000000000800410c        0x0
 .iplt          0x000000000800410c        0x0 ./system/src/stm32f4-hal/stm32f4xx_hal.o

.ARM.extab
 *(.ARM.extab* .gnu.linkonce.armextab.*)
                0x000000000800410c                . = ALIGN (0x4)
                0x000000000800410c                __exidx_start = .

.ARM.exidx      0x000000000800410c        0x8
 *(.ARM.exidx* .gnu.linkonce.armexidx.*)
 .ARM.exidx     0x000000000800410c        0x8 /home/jet/work/tools/gcc-arm-none-eabi-9-2019-q4-major/bin/../lib/gcc/arm-none-eabi/9.2.1/thumb/v7e-m/nofp/libgcc.a(_udivmoddi4.o)
                0x0000000008004114                __exidx_end = .

.rel.dyn        0x0000000008004114        0x0
 .rel.iplt      0x0000000008004114        0x0 ./system/src/stm32f4-hal/stm32f4xx_hal.o
                0x0000000008004114                . = ALIGN (0x4)
                0x0000000008004114                _etext = .
                0x0000000008004114                __etext = .

.data_CCMRAM    0x0000000010000000        0x0 load address 0x0000000008004114
 FILL mask 0xff
 *(.data.CCMRAM .data.CCMRAM.*)
                0x0000000010000000                . = ALIGN (0x4)
                0x0000000008004114                _sidata = LOADADDR (.data)

.data           0x0000000020000000       0x80 load address 0x0000000008004114
 FILL mask 0xff
                0x0000000020000000                _sdata = .
                0x0000000020000000                __data_start__ = .
 *(.data_begin .data_begin.*)
 .data_begin    0x0000000020000000        0x4 ./system/src/newlib/startup.o
 *(.data .data.*)
 .data.uwTickFreq
                0x0000000020000004        0x1 ./system/src/stm32f4-hal/stm32f4xx_hal.o
                0x0000000020000004                uwTickFreq
 *fill*         0x0000000020000005        0x3 ff
 .data.uwTickPrio
                0x0000000020000008        0x4 ./system/src/stm32f4-hal/stm32f4xx_hal.o
                0x0000000020000008                uwTickPrio
 .data.argv.4854
                0x000000002000000c        0x8 ./system/src/newlib/syscalls.o
 .data.SystemCoreClock
                0x0000000020000014        0x4 ./system/src/cmsis/system_stm32f4xx.o
                0x0000000020000014                SystemCoreClock
 .data._impure_ptr
                0x0000000020000018        0x4 /home/jet/work/tools/gcc-arm-none-eabi-9-2019-q4-major/bin/../lib/gcc/arm-none-eabi/9.2.1/../../../../arm-none-eabi/lib/thumb/v7e-m/nofp/libg_nano.a(lib_a-impure.o)
                0x0000000020000018                _impure_ptr
 .data.impure_data
                0x000000002000001c       0x60 /home/jet/work/tools/gcc-arm-none-eabi-9-2019-q4-major/bin/../lib/gcc/arm-none-eabi/9.2.1/../../../../arm-none-eabi/lib/thumb/v7e-m/nofp/libg_nano.a(lib_a-impure.o)
 *(.data_end .data_end.*)
 .data_end      0x000000002000007c        0x4 ./system/src/newlib/startup.o
                0x0000000020000080                . = ALIGN (0x4)
                0x0000000020000080                _edata = .
                0x0000000020000080                __data_end__ = .

.igot.plt       0x0000000020000080        0x0 load address 0x0000000008004194
 .igot.plt      0x0000000020000080        0x0 ./system/src/stm32f4-hal/stm32f4xx_hal.o

.bss_CCMRAM     0x0000000010000000        0x0
 *(.bss.CCMRAM .bss.CCMRAM.*)

.bss            0x0000000020000080      0xd18
                0x0000000020000080                __bss_start__ = .
                0x0000000020000080                _sbss = .
 *(.bss_begin .bss_begin.*)
 .bss_begin     0x0000000020000080        0x4 ./system/src/newlib/startup.o
 *(.bss .bss.*)
 .bss.current_heap_end.4484
                0x0000000020000084        0x4 ./system/src/newlib/sbrk.o
 .bss.name.4853
                0x0000000020000088        0x1 ./system/src/newlib/syscalls.o
 *fill*         0x0000000020000089        0x3 
 .bss.buf.5728  0x000000002000008c       0x80 ./system/src/diag/trace.o
 .bss.bufptr    0x000000002000010c        0x4 ./src/MQTTPacket.o
 .bss.mqtt_buffer
                0x0000000020000110      0x5b4 ./src/MQTTSim800.o
                0x0000000020000110                mqtt_buffer
 .bss.mqtt_index
                0x00000000200006c4        0x2 ./src/MQTTSim800.o
                0x00000000200006c4                mqtt_index
 .bss.mqtt_receive
                0x00000000200006c6        0x1 ./src/MQTTSim800.o
                0x00000000200006c6                mqtt_receive
 *fill*         0x00000000200006c7        0x1 
 .bss.rx_buffer
                0x00000000200006c8      0x5b4 ./src/MQTTSim800.o
                0x00000000200006c8                rx_buffer
 .bss.rx_data   0x0000000020000c7c        0x1 ./src/MQTTSim800.o
                0x0000000020000c7c                rx_data
 *fill*         0x0000000020000c7d        0x1 
 .bss.rx_index  0x0000000020000c7e        0x2 ./src/MQTTSim800.o
                0x0000000020000c7e                rx_index
 .bss.__malloc_free_list
                0x0000000020000c80        0x4 /home/jet/work/tools/gcc-arm-none-eabi-9-2019-q4-major/bin/../lib/gcc/arm-none-eabi/9.2.1/../../../../arm-none-eabi/lib/thumb/v7e-m/nofp/libg_nano.a(lib_a-nano-mallocr.o)
                0x0000000020000c80                __malloc_free_list
 .bss.__malloc_sbrk_start
                0x0000000020000c84        0x4 /home/jet/work/tools/gcc-arm-none-eabi-9-2019-q4-major/bin/../lib/gcc/arm-none-eabi/9.2.1/../../../../arm-none-eabi/lib/thumb/v7e-m/nofp/libg_nano.a(lib_a-nano-mallocr.o)
                0x0000000020000c84                __malloc_sbrk_start
 *(COMMON)
 COMMON         0x0000000020000c88        0x4 ./system/src/stm32f4-hal/stm32f4xx_hal.o
                0x0000000020000c88                uwTick
 COMMON         0x0000000020000c8c        0x4 ./system/src/newlib/syscalls.o
                0x0000000020000c8c                errno
 COMMON         0x0000000020000c90       0xb8 ./src/main.o
                0x0000000020000c90                SIM800
 COMMON         0x0000000020000d48       0x40 ./src/usart.o
                0x0000000020000d48                huart2
 COMMON         0x0000000020000d88        0x9 /home/jet/work/tools/gcc-arm-none-eabi-9-2019-q4-major/bin/../lib/gcc/arm-none-eabi/9.2.1/../../../../arm-none-eabi/lib/thumb/v7e-m/nofp/libg_nano.a(lib_a-lock.o)
                0x0000000020000d88                __lock___atexit_recursive_mutex
                0x0000000020000d89                __lock___arc4random_mutex
                0x0000000020000d8a                __lock___env_recursive_mutex
                0x0000000020000d8b                __lock___sinit_recursive_mutex
                0x0000000020000d8c                __lock___malloc_recursive_mutex
                0x0000000020000d8d                __lock___at_quick_exit_mutex
                0x0000000020000d8e                __lock___dd_hash_mutex
                0x0000000020000d8f                __lock___tz_mutex
                0x0000000020000d90                __lock___sfp_recursive_mutex
 *(.bss_end .bss_end.*)
 *fill*         0x0000000020000d91        0x3 
 .bss_end       0x0000000020000d94        0x4 ./system/src/newlib/startup.o
                0x0000000020000d98                . = ALIGN (0x4)
                0x0000000020000d98                __bss_end__ = .
                0x0000000020000d98                _ebss = .

.noinit_CCMRAM
 *(.noinit.CCMRAM .noinit.CCMRAM.*)

.noinit         0x0000000020000d98        0x0
                0x0000000020000d98                _noinit = .
 *(.noinit .noinit.*)
                0x0000000020000d98                . = ALIGN (0x4)
                0x0000000020000d98                _end_noinit = .
                [!provide]                        PROVIDE (end = _end_noinit)
                [!provide]                        PROVIDE (_end = _end_noinit)
                [!provide]                        PROVIDE (__end = _end_noinit)
                [!provide]                        PROVIDE (__end__ = _end_noinit)

._check_stack   0x0000000020000d98      0x100
                0x0000000020000e98                . = (. + _Minimum_Stack_Size)
 *fill*         0x0000000020000d98      0x100 

.b1text
 *(.b1text)
 *(.b1rodata)
 *(.b1rodata.*)

.eb0text
 *(.eb0text)
 *(.eb0rodata)
 *(.eb0rodata.*)

.eb1text
 *(.eb1text)
 *(.eb1rodata)
 *(.eb1rodata.*)

.eb2text
 *(.eb2text)
 *(.eb2rodata)
 *(.eb2rodata.*)

.eb3text
 *(.eb3text)
 *(.eb3rodata)
 *(.eb3rodata.*)

.stab
 *(.stab)

.stabstr
 *(.stabstr)

.stab.excl
 *(.stab.excl)

.stab.exclstr
 *(.stab.exclstr)

.stab.index
 *(.stab.index)

.stab.indexstr
 *(.stab.indexstr)

.comment        0x0000000000000000       0x79
 *(.comment)
 .comment       0x0000000000000000       0x79 ./system/src/stm32f4-hal/stm32f4xx_hal.o
                                         0x7a (size before relaxing)
 .comment       0x0000000000000079       0x7a ./system/src/stm32f4-hal/stm32f4xx_hal_cortex.o
 .comment       0x0000000000000079       0x7a ./system/src/stm32f4-hal/stm32f4xx_hal_dma.o
 .comment       0x0000000000000079       0x7a ./system/src/stm32f4-hal/stm32f4xx_hal_gpio.o
 .comment       0x0000000000000079       0x7a ./system/src/stm32f4-hal/stm32f4xx_hal_rcc.o
 .comment       0x0000000000000079       0x7a ./system/src/stm32f4-hal/stm32f4xx_hal_uart.o
 .comment       0x0000000000000079       0x7a ./system/src/newlib/exit.o
 .comment       0x0000000000000079       0x7a ./system/src/newlib/sbrk.o
 .comment       0x0000000000000079       0x7a ./system/src/newlib/startup.o
 .comment       0x0000000000000079       0x7a ./system/src/newlib/syscalls.o
 .comment       0x0000000000000079       0x7a ./system/src/diag/trace-impl.o
 .comment       0x0000000000000079       0x7a ./system/src/diag/trace.o
 .comment       0x0000000000000079       0x7a ./system/src/cortexm/exception-handlers.o
 .comment       0x0000000000000079       0x7a ./system/src/cortexm/initialize-hardware.o
 .comment       0x0000000000000079       0x7a ./system/src/cmsis/system_stm32f4xx.o
 .comment       0x0000000000000079       0x7a ./system/src/cmsis/vectors_stm32f429xx.o
 .comment       0x0000000000000079       0x7a ./src/MQTTConnectClient.o
 .comment       0x0000000000000079       0x7a ./src/MQTTDeserializePublish.o
 .comment       0x0000000000000079       0x7a ./src/MQTTPacket.o
 .comment       0x0000000000000079       0x7a ./src/MQTTSerializePublish.o
 .comment       0x0000000000000079       0x7a ./src/MQTTSim800.o
 .comment       0x0000000000000079       0x7a ./src/MQTTSubscribeClient.o
 .comment       0x0000000000000079       0x7a ./src/gpio.o
 .comment       0x0000000000000079       0x7a ./src/initialize-hardware.o
 .comment       0x0000000000000079       0x7a ./src/main.o
 .comment       0x0000000000000079       0x7a ./src/stm32f4xx_hal_msp.o
 .comment       0x0000000000000079       0x7a ./src/stm32f4xx_it.o
 .comment       0x0000000000000079       0x7a ./src/usart.o

.ARM.attributes
                0x0000000000000000       0x2c
 .ARM.attributes
                0x0000000000000000       0x2e ./system/src/stm32f4-hal/stm32f4xx_hal.o
 .ARM.attributes
                0x000000000000002e       0x2e ./system/src/stm32f4-hal/stm32f4xx_hal_cortex.o
 .ARM.attributes
                0x000000000000005c       0x2e ./system/src/stm32f4-hal/stm32f4xx_hal_dma.o
 .ARM.attributes
                0x000000000000008a       0x2e ./system/src/stm32f4-hal/stm32f4xx_hal_gpio.o
 .ARM.attributes
                0x00000000000000b8       0x2e ./system/src/stm32f4-hal/stm32f4xx_hal_rcc.o
 .ARM.attributes
                0x00000000000000e6       0x2e ./system/src/stm32f4-hal/stm32f4xx_hal_uart.o
 .ARM.attributes
                0x0000000000000114       0x2e ./system/src/newlib/exit.o
 .ARM.attributes
                0x0000000000000142       0x2e ./system/src/newlib/sbrk.o
 .ARM.attributes
                0x0000000000000170       0x2e ./system/src/newlib/startup.o
 .ARM.attributes
                0x000000000000019e       0x2e ./system/src/newlib/syscalls.o
 .ARM.attributes
                0x00000000000001cc       0x2e ./system/src/diag/trace-impl.o
 .ARM.attributes
                0x00000000000001fa       0x2e ./system/src/diag/trace.o
 .ARM.attributes
                0x0000000000000228       0x2e ./system/src/cortexm/exception-handlers.o
 .ARM.attributes
                0x0000000000000256       0x2e ./system/src/cortexm/initialize-hardware.o
 .ARM.attributes
                0x0000000000000284       0x2e ./system/src/cmsis/system_stm32f4xx.o
 .ARM.attributes
                0x00000000000002b2       0x2e ./system/src/cmsis/vectors_stm32f429xx.o
 .ARM.attributes
                0x00000000000002e0       0x2e ./src/MQTTConnectClient.o
 .ARM.attributes
                0x000000000000030e       0x2e ./src/MQTTDeserializePublish.o
 .ARM.attributes
                0x000000000000033c       0x2e ./src/MQTTPacket.o
 .ARM.attributes
                0x000000000000036a       0x2e ./src/MQTTSerializePublish.o
 .ARM.attributes
                0x0000000000000398       0x2e ./src/MQTTSim800.o
 .ARM.attributes
                0x00000000000003c6       0x2e ./src/MQTTSubscribeClient.o
 .ARM.attributes
                0x00000000000003f4       0x2e ./src/gpio.o
 .ARM.attributes
                0x0000000000000422       0x2e ./src/initialize-hardware.o
 .ARM.attributes
                0x0000000000000450       0x2e ./src/main.o
 .ARM.attributes
                0x000000000000047e       0x2e ./src/stm32f4xx_hal_msp.o
 .ARM.attributes
                0x00000000000004ac       0x2e ./src/stm32f4xx_it.o
 .ARM.attributes
                0x00000000000004da       0x2e ./src/usart.o
 .ARM.attributes
                0x0000000000000508       0x1e /home/jet/work/tools/gcc-arm-none-eabi-9-2019-q4-major/bin/../lib/gcc/arm-none-eabi/9.2.1/thumb/v7e-m/nofp/libgcc.a(_arm_addsubdf3.o)
 .ARM.attributes
                0x0000000000000526       0x1e /home/jet/work/tools/gcc-arm-none-eabi-9-2019-q4-major/bin/../lib/gcc/arm-none-eabi/9.2.1/thumb/v7e-m/nofp/libgcc.a(_aeabi_uldivmod.o)
 .ARM.attributes
                0x0000000000000544       0x2e /home/jet/work/tools/gcc-arm-none-eabi-9-2019-q4-major/bin/../lib/gcc/arm-none-eabi/9.2.1/thumb/v7e-m/nofp/libgcc.a(_udivmoddi4.o)
 .ARM.attributes
                0x0000000000000572       0x1e /home/jet/work/tools/gcc-arm-none-eabi-9-2019-q4-major/bin/../lib/gcc/arm-none-eabi/9.2.1/thumb/v7e-m/nofp/libgcc.a(_dvmd_tls.o)
 .ARM.attributes
                0x0000000000000590       0x2e /home/jet/work/tools/gcc-arm-none-eabi-9-2019-q4-major/bin/../lib/gcc/arm-none-eabi/9.2.1/../../../../arm-none-eabi/lib/thumb/v7e-m/nofp/libg_nano.a(lib_a-atoi.o)
 .ARM.attributes
                0x00000000000005be       0x2e /home/jet/work/tools/gcc-arm-none-eabi-9-2019-q4-major/bin/../lib/gcc/arm-none-eabi/9.2.1/../../../../arm-none-eabi/lib/thumb/v7e-m/nofp/libg_nano.a(lib_a-errno.o)
 .ARM.attributes
                0x00000000000005ec       0x2e /home/jet/work/tools/gcc-arm-none-eabi-9-2019-q4-major/bin/../lib/gcc/arm-none-eabi/9.2.1/../../../../arm-none-eabi/lib/thumb/v7e-m/nofp/libg_nano.a(lib_a-impure.o)
 .ARM.attributes
                0x000000000000061a       0x2e /home/jet/work/tools/gcc-arm-none-eabi-9-2019-q4-major/bin/../lib/gcc/arm-none-eabi/9.2.1/../../../../arm-none-eabi/lib/thumb/v7e-m/nofp/libg_nano.a(lib_a-memcpy-stub.o)
 .ARM.attributes
                0x0000000000000648       0x2e /home/jet/work/tools/gcc-arm-none-eabi-9-2019-q4-major/bin/../lib/gcc/arm-none-eabi/9.2.1/../../../../arm-none-eabi/lib/thumb/v7e-m/nofp/libg_nano.a(lib_a-memset.o)
 .ARM.attributes
                0x0000000000000676       0x2e /home/jet/work/tools/gcc-arm-none-eabi-9-2019-q4-major/bin/../lib/gcc/arm-none-eabi/9.2.1/../../../../arm-none-eabi/lib/thumb/v7e-m/nofp/libg_nano.a(lib_a-snprintf.o)
 .ARM.attributes
                0x00000000000006a4       0x2e /home/jet/work/tools/gcc-arm-none-eabi-9-2019-q4-major/bin/../lib/gcc/arm-none-eabi/9.2.1/../../../../arm-none-eabi/lib/thumb/v7e-m/nofp/libg_nano.a(lib_a-sprintf.o)
 .ARM.attributes
                0x00000000000006d2       0x17 /home/jet/work/tools/gcc-arm-none-eabi-9-2019-q4-major/bin/../lib/gcc/arm-none-eabi/9.2.1/../../../../arm-none-eabi/lib/thumb/v7e-m/nofp/libg_nano.a(lib_a-strlen.o)
 .ARM.attributes
                0x00000000000006e9       0x2e /home/jet/work/tools/gcc-arm-none-eabi-9-2019-q4-major/bin/../lib/gcc/arm-none-eabi/9.2.1/../../../../arm-none-eabi/lib/thumb/v7e-m/nofp/libg_nano.a(lib_a-strstr.o)
 .ARM.attributes
                0x0000000000000717       0x2e /home/jet/work/tools/gcc-arm-none-eabi-9-2019-q4-major/bin/../lib/gcc/arm-none-eabi/9.2.1/../../../../arm-none-eabi/lib/thumb/v7e-m/nofp/libg_nano.a(lib_a-strtol.o)
 .ARM.attributes
                0x0000000000000745       0x2e /home/jet/work/tools/gcc-arm-none-eabi-9-2019-q4-major/bin/../lib/gcc/arm-none-eabi/9.2.1/../../../../arm-none-eabi/lib/thumb/v7e-m/nofp/libg_nano.a(lib_a-vsnprintf.o)
 .ARM.attributes
                0x0000000000000773       0x2e /home/jet/work/tools/gcc-arm-none-eabi-9-2019-q4-major/bin/../lib/gcc/arm-none-eabi/9.2.1/../../../../arm-none-eabi/lib/thumb/v7e-m/nofp/libg_nano.a(lib_a-ctype_.o)
 .ARM.attributes
                0x00000000000007a1       0x2e /home/jet/work/tools/gcc-arm-none-eabi-9-2019-q4-major/bin/../lib/gcc/arm-none-eabi/9.2.1/../../../../arm-none-eabi/lib/thumb/v7e-m/nofp/libg_nano.a(lib_a-nano-svfprintf.o)
 .ARM.attributes
                0x00000000000007cf       0x2e /home/jet/work/tools/gcc-arm-none-eabi-9-2019-q4-major/bin/../lib/gcc/arm-none-eabi/9.2.1/../../../../arm-none-eabi/lib/thumb/v7e-m/nofp/libg_nano.a(lib_a-nano-vfprintf_i.o)
 .ARM.attributes
                0x00000000000007fd       0x1c /home/jet/work/tools/gcc-arm-none-eabi-9-2019-q4-major/bin/../lib/gcc/arm-none-eabi/9.2.1/../../../../arm-none-eabi/lib/thumb/v7e-m/nofp/libg_nano.a(lib_a-memchr.o)
 .ARM.attributes
                0x0000000000000819       0x2e /home/jet/work/tools/gcc-arm-none-eabi-9-2019-q4-major/bin/../lib/gcc/arm-none-eabi/9.2.1/../../../../arm-none-eabi/lib/thumb/v7e-m/nofp/libg_nano.a(lib_a-memmove.o)
 .ARM.attributes
                0x0000000000000847       0x2e /home/jet/work/tools/gcc-arm-none-eabi-9-2019-q4-major/bin/../lib/gcc/arm-none-eabi/9.2.1/../../../../arm-none-eabi/lib/thumb/v7e-m/nofp/libg_nano.a(lib_a-nano-freer.o)
 .ARM.attributes
                0x0000000000000875       0x2e /home/jet/work/tools/gcc-arm-none-eabi-9-2019-q4-major/bin/../lib/gcc/arm-none-eabi/9.2.1/../../../../arm-none-eabi/lib/thumb/v7e-m/nofp/libg_nano.a(lib_a-nano-mallocr.o)
 .ARM.attributes
                0x00000000000008a3       0x2e /home/jet/work/tools/gcc-arm-none-eabi-9-2019-q4-major/bin/../lib/gcc/arm-none-eabi/9.2.1/../../../../arm-none-eabi/lib/thumb/v7e-m/nofp/libg_nano.a(lib_a-nano-reallocr.o)
 .ARM.attributes
                0x00000000000008d1       0x2e /home/jet/work/tools/gcc-arm-none-eabi-9-2019-q4-major/bin/../lib/gcc/arm-none-eabi/9.2.1/../../../../arm-none-eabi/lib/thumb/v7e-m/nofp/libg_nano.a(lib_a-sbrkr.o)
 .ARM.attributes
                0x00000000000008ff       0x2e /home/jet/work/tools/gcc-arm-none-eabi-9-2019-q4-major/bin/../lib/gcc/arm-none-eabi/9.2.1/../../../../arm-none-eabi/lib/thumb/v7e-m/nofp/libg_nano.a(lib_a-mlock.o)
 .ARM.attributes
                0x000000000000092d       0x2e /home/jet/work/tools/gcc-arm-none-eabi-9-2019-q4-major/bin/../lib/gcc/arm-none-eabi/9.2.1/../../../../arm-none-eabi/lib/thumb/v7e-m/nofp/libg_nano.a(lib_a-nano-msizer.o)
 .ARM.attributes
                0x000000000000095b       0x2e /home/jet/work/tools/gcc-arm-none-eabi-9-2019-q4-major/bin/../lib/gcc/arm-none-eabi/9.2.1/../../../../arm-none-eabi/lib/thumb/v7e-m/nofp/libg_nano.a(lib_a-lock.o)

.debug
 *(.debug)

.line
 *(.line)

.debug_srcinfo
 *(.debug_srcinfo)

.debug_sfnames
 *(.debug_sfnames)

.debug_aranges  0x0000000000000000      0xb00
 *(.debug_aranges)
 .debug_aranges
                0x0000000000000000      0x100 ./system/src/stm32f4-hal/stm32f4xx_hal.o
 .debug_aranges
                0x0000000000000100       0xa8 ./system/src/stm32f4-hal/stm32f4xx_hal_cortex.o
 .debug_aranges
                0x00000000000001a8       0x90 ./system/src/stm32f4-hal/stm32f4xx_hal_dma.o
 .debug_aranges
                0x0000000000000238       0x58 ./system/src/stm32f4-hal/stm32f4xx_hal_gpio.o
 .debug_aranges
                0x0000000000000290       0x88 ./system/src/stm32f4-hal/stm32f4xx_hal_rcc.o
 .debug_aranges
                0x0000000000000318      0x1d0 ./system/src/stm32f4-hal/stm32f4xx_hal_uart.o
 .debug_aranges
                0x00000000000004e8       0x28 ./system/src/newlib/exit.o
 .debug_aranges
                0x0000000000000510       0x20 ./system/src/newlib/sbrk.o
 .debug_aranges
                0x0000000000000530       0x40 ./system/src/newlib/startup.o
 .debug_aranges
                0x0000000000000570       0xd0 ./system/src/newlib/syscalls.o
 .debug_aranges
                0x0000000000000640       0x30 ./system/src/diag/trace-impl.o
 .debug_aranges
                0x0000000000000670       0x38 ./system/src/diag/trace.o
 .debug_aranges
                0x00000000000006a8       0x88 ./system/src/cortexm/exception-handlers.o
 .debug_aranges
                0x0000000000000730       0x28 ./system/src/cortexm/initialize-hardware.o
 .debug_aranges
                0x0000000000000758       0x28 ./system/src/cmsis/system_stm32f4xx.o
 .debug_aranges
                0x0000000000000780       0x20 ./system/src/cmsis/vectors_stm32f429xx.o
 .debug_aranges
                0x00000000000007a0       0x48 ./src/MQTTConnectClient.o
 .debug_aranges
                0x00000000000007e8       0x28 ./src/MQTTDeserializePublish.o
 .debug_aranges
                0x0000000000000810       0xa8 ./src/MQTTPacket.o
 .debug_aranges
                0x00000000000008b8       0x48 ./src/MQTTSerializePublish.o
 .debug_aranges
                0x0000000000000900       0x90 ./src/MQTTSim800.o
 .debug_aranges
                0x0000000000000990       0x30 ./src/MQTTSubscribeClient.o
 .debug_aranges
                0x00000000000009c0       0x20 ./src/gpio.o
 .debug_aranges
                0x00000000000009e0       0x30 ./src/initialize-hardware.o
 .debug_aranges
                0x0000000000000a10       0x38 ./src/main.o
 .debug_aranges
                0x0000000000000a48       0x20 ./src/stm32f4xx_hal_msp.o
 .debug_aranges
                0x0000000000000a68       0x68 ./src/stm32f4xx_it.o
 .debug_aranges
                0x0000000000000ad0       0x30 ./src/usart.o

.debug_pubnames
 *(.debug_pubnames)

.debug_info     0x0000000000000000    0x16ba4
 *(.debug_info .gnu.linkonce.wi.*)
 .debug_info    0x0000000000000000      0xb20 ./system/src/stm32f4-hal/stm32f4xx_hal.o
 .debug_info    0x0000000000000b20     0x1432 ./system/src/stm32f4-hal/stm32f4xx_hal_cortex.o
 .debug_info    0x0000000000001f52      0xdf5 ./system/src/stm32f4-hal/stm32f4xx_hal_dma.o
 .debug_info    0x0000000000002d47      0xa20 ./system/src/stm32f4-hal/stm32f4xx_hal_gpio.o
 .debug_info    0x0000000000003767      0xe18 ./system/src/stm32f4-hal/stm32f4xx_hal_rcc.o
 .debug_info    0x000000000000457f     0x1ca0 ./system/src/stm32f4-hal/stm32f4xx_hal_uart.o
 .debug_info    0x000000000000621f      0x9e7 ./system/src/newlib/exit.o
 .debug_info    0x0000000000006c06      0x9d4 ./system/src/newlib/sbrk.o
 .debug_info    0x00000000000075da      0x57f ./system/src/newlib/startup.o
 .debug_info    0x0000000000007b59     0x1376 ./system/src/newlib/syscalls.o
 .debug_info    0x0000000000008ecf      0x53b ./system/src/diag/trace-impl.o
 .debug_info    0x000000000000940a      0xbdb ./system/src/diag/trace.o
 .debug_info    0x0000000000009fe5     0x1213 ./system/src/cortexm/exception-handlers.o
 .debug_info    0x000000000000b1f8      0x39f ./system/src/cortexm/initialize-hardware.o
 .debug_info    0x000000000000b597      0x5d9 ./system/src/cmsis/system_stm32f4xx.o
 .debug_info    0x000000000000bb70       0xce ./system/src/cmsis/vectors_stm32f429xx.o
 .debug_info    0x000000000000bc3e     0x1202 ./src/MQTTConnectClient.o
 .debug_info    0x000000000000ce40      0xd44 ./src/MQTTDeserializePublish.o
 .debug_info    0x000000000000db84     0x135f ./src/MQTTPacket.o
 .debug_info    0x000000000000eee3      0xf80 ./src/MQTTSerializePublish.o
 .debug_info    0x000000000000fe63     0x1f7d ./src/MQTTSim800.o
 .debug_info    0x0000000000011de0      0xe4c ./src/MQTTSubscribeClient.o
 .debug_info    0x0000000000012c2c      0x5a4 ./src/gpio.o
 .debug_info    0x00000000000131d0      0x6df ./src/initialize-hardware.o
 .debug_info    0x00000000000138af     0x19af ./src/main.o
 .debug_info    0x000000000001525e      0x40b ./src/stm32f4xx_hal_msp.o
 .debug_info    0x0000000000015669      0x77f ./src/stm32f4xx_it.o
 .debug_info    0x0000000000015de8      0xdbc ./src/usart.o

.debug_abbrev   0x0000000000000000     0x433c
 *(.debug_abbrev)
 .debug_abbrev  0x0000000000000000      0x21c ./system/src/stm32f4-hal/stm32f4xx_hal.o
 .debug_abbrev  0x000000000000021c      0x3b0 ./system/src/stm32f4-hal/stm32f4xx_hal_cortex.o
 .debug_abbrev  0x00000000000005cc      0x2eb ./system/src/stm32f4-hal/stm32f4xx_hal_dma.o
 .debug_abbrev  0x00000000000008b7      0x25b ./system/src/stm32f4-hal/stm32f4xx_hal_gpio.o
 .debug_abbrev  0x0000000000000b12      0x2c4 ./system/src/stm32f4-hal/stm32f4xx_hal_rcc.o
 .debug_abbrev  0x0000000000000dd6      0x2c3 ./system/src/stm32f4-hal/stm32f4xx_hal_uart.o
 .debug_abbrev  0x0000000000001099      0x222 ./system/src/newlib/exit.o
 .debug_abbrev  0x00000000000012bb      0x232 ./system/src/newlib/sbrk.o
 .debug_abbrev  0x00000000000014ed      0x1fa ./system/src/newlib/startup.o
 .debug_abbrev  0x00000000000016e7      0x2d8 ./system/src/newlib/syscalls.o
 .debug_abbrev  0x00000000000019bf      0x1de ./system/src/diag/trace-impl.o
 .debug_abbrev  0x0000000000001b9d      0x2c6 ./system/src/diag/trace.o
 .debug_abbrev  0x0000000000001e63      0x31d ./system/src/cortexm/exception-handlers.o
 .debug_abbrev  0x0000000000002180      0x118 ./system/src/cortexm/initialize-hardware.o
 .debug_abbrev  0x0000000000002298      0x14b ./system/src/cmsis/system_stm32f4xx.o
 .debug_abbrev  0x00000000000023e3       0xa5 ./system/src/cmsis/vectors_stm32f429xx.o
 .debug_abbrev  0x0000000000002488      0x2f9 ./src/MQTTConnectClient.o
 .debug_abbrev  0x0000000000002781      0x2c7 ./src/MQTTDeserializePublish.o
 .debug_abbrev  0x0000000000002a48      0x456 ./src/MQTTPacket.o
 .debug_abbrev  0x0000000000002e9e      0x2ec ./src/MQTTSerializePublish.o
 .debug_abbrev  0x000000000000318a      0x393 ./src/MQTTSim800.o
 .debug_abbrev  0x000000000000351d      0x2ea ./src/MQTTSubscribeClient.o
 .debug_abbrev  0x0000000000003807      0x187 ./src/gpio.o
 .debug_abbrev  0x000000000000398e      0x1b9 ./src/initialize-hardware.o
 .debug_abbrev  0x0000000000003b47      0x340 ./src/main.o
 .debug_abbrev  0x0000000000003e87      0x126 ./src/stm32f4xx_hal_msp.o
 .debug_abbrev  0x0000000000003fad      0x196 ./src/stm32f4xx_it.o
 .debug_abbrev  0x0000000000004143      0x1f9 ./src/usart.o

.debug_line     0x0000000000000000     0xee3c
 *(.debug_line)
 .debug_line    0x0000000000000000      0x88e ./system/src/stm32f4-hal/stm32f4xx_hal.o
 .debug_line    0x000000000000088e      0xb9e ./system/src/stm32f4-hal/stm32f4xx_hal_cortex.o
 .debug_line    0x000000000000142c     0x12b0 ./system/src/stm32f4-hal/stm32f4xx_hal_dma.o
 .debug_line    0x00000000000026dc      0xba2 ./system/src/stm32f4-hal/stm32f4xx_hal_gpio.o
 .debug_line    0x000000000000327e      0xf3b ./system/src/stm32f4-hal/stm32f4xx_hal_rcc.o
 .debug_line    0x00000000000041b9     0x215f ./system/src/stm32f4-hal/stm32f4xx_hal_uart.o
 .debug_line    0x0000000000006318      0x36c ./system/src/newlib/exit.o
 .debug_line    0x0000000000006684      0x356 ./system/src/newlib/sbrk.o
 .debug_line    0x00000000000069da      0x651 ./system/src/newlib/startup.o
 .debug_line    0x000000000000702b      0x730 ./system/src/newlib/syscalls.o
 .debug_line    0x000000000000775b      0x70b ./system/src/diag/trace-impl.o
 .debug_line    0x0000000000007e66      0x449 ./system/src/diag/trace.o
 .debug_line    0x00000000000082af      0x8b1 ./system/src/cortexm/exception-handlers.o
 .debug_line    0x0000000000008b60      0x51e ./system/src/cortexm/initialize-hardware.o
 .debug_line    0x000000000000907e      0x5b2 ./system/src/cmsis/system_stm32f4xx.o
 .debug_line    0x0000000000009630      0x259 ./system/src/cmsis/vectors_stm32f429xx.o
 .debug_line    0x0000000000009889      0x6e7 ./src/MQTTConnectClient.o
 .debug_line    0x0000000000009f70      0x50e ./src/MQTTDeserializePublish.o
 .debug_line    0x000000000000a47e      0x9f2 ./src/MQTTPacket.o
 .debug_line    0x000000000000ae70      0x565 ./src/MQTTSerializePublish.o
 .debug_line    0x000000000000b3d5      0xb68 ./src/MQTTSim800.o
 .debug_line    0x000000000000bf3d      0x597 ./src/MQTTSubscribeClient.o
 .debug_line    0x000000000000c4d4      0x63f ./src/gpio.o
 .debug_line    0x000000000000cb13      0x6d5 ./src/initialize-hardware.o
 .debug_line    0x000000000000d1e8      0x816 ./src/main.o
 .debug_line    0x000000000000d9fe      0x619 ./src/stm32f4xx_hal_msp.o
 .debug_line    0x000000000000e017      0x726 ./src/stm32f4xx_it.o
 .debug_line    0x000000000000e73d      0x6ff ./src/usart.o

.debug_frame    0x0000000000000000     0x2170
 *(.debug_frame)
 .debug_frame   0x0000000000000000      0x210 ./system/src/stm32f4-hal/stm32f4xx_hal.o
 .debug_frame   0x0000000000000210      0x19c ./system/src/stm32f4-hal/stm32f4xx_hal_cortex.o
 .debug_frame   0x00000000000003ac      0x190 ./system/src/stm32f4-hal/stm32f4xx_hal_dma.o
 .debug_frame   0x000000000000053c       0xfc ./system/src/stm32f4-hal/stm32f4xx_hal_gpio.o
 .debug_frame   0x0000000000000638      0x174 ./system/src/stm32f4-hal/stm32f4xx_hal_rcc.o
 .debug_frame   0x00000000000007ac      0x50c ./system/src/stm32f4-hal/stm32f4xx_hal_uart.o
 .debug_frame   0x0000000000000cb8       0x38 ./system/src/newlib/exit.o
 .debug_frame   0x0000000000000cf0       0x28 ./system/src/newlib/sbrk.o
 .debug_frame   0x0000000000000d18       0x7c ./system/src/newlib/startup.o
 .debug_frame   0x0000000000000d94      0x230 ./system/src/newlib/syscalls.o
 .debug_frame   0x0000000000000fc4       0x58 ./system/src/diag/trace-impl.o
 .debug_frame   0x000000000000101c       0x94 ./system/src/diag/trace.o
 .debug_frame   0x00000000000010b0      0x144 ./system/src/cortexm/exception-handlers.o
 .debug_frame   0x00000000000011f4       0x40 ./system/src/cortexm/initialize-hardware.o
 .debug_frame   0x0000000000001234       0x30 ./system/src/cmsis/system_stm32f4xx.o
 .debug_frame   0x0000000000001264       0x20 ./system/src/cmsis/vectors_stm32f429xx.o
 .debug_frame   0x0000000000001284       0xc8 ./src/MQTTConnectClient.o
 .debug_frame   0x000000000000134c       0x60 ./src/MQTTDeserializePublish.o
 .debug_frame   0x00000000000013ac      0x1e4 ./src/MQTTPacket.o
 .debug_frame   0x0000000000001590       0xd0 ./src/MQTTSerializePublish.o
 .debug_frame   0x0000000000001660      0x1e8 ./src/MQTTSim800.o
 .debug_frame   0x0000000000001848       0x88 ./src/MQTTSubscribeClient.o
 .debug_frame   0x00000000000018d0       0x30 ./src/gpio.o
 .debug_frame   0x0000000000001900       0x60 ./src/initialize-hardware.o
 .debug_frame   0x0000000000001960       0x74 ./src/main.o
 .debug_frame   0x00000000000019d4       0x28 ./src/stm32f4xx_hal_msp.o
 .debug_frame   0x00000000000019fc       0xc0 ./src/stm32f4xx_it.o
 .debug_frame   0x0000000000001abc       0x60 ./src/usart.o
 .debug_frame   0x0000000000001b1c       0xac /home/jet/work/tools/gcc-arm-none-eabi-9-2019-q4-major/bin/../lib/gcc/arm-none-eabi/9.2.1/thumb/v7e-m/nofp/libgcc.a(_arm_addsubdf3.o)
 .debug_frame   0x0000000000001bc8       0x2c /home/jet/work/tools/gcc-arm-none-eabi-9-2019-q4-major/bin/../lib/gcc/arm-none-eabi/9.2.1/thumb/v7e-m/nofp/libgcc.a(_aeabi_uldivmod.o)
 .debug_frame   0x0000000000001bf4       0x34 /home/jet/work/tools/gcc-arm-none-eabi-9-2019-q4-major/bin/../lib/gcc/arm-none-eabi/9.2.1/thumb/v7e-m/nofp/libgcc.a(_udivmoddi4.o)
 .debug_frame   0x0000000000001c28       0x30 /home/jet/work/tools/gcc-arm-none-eabi-9-2019-q4-major/bin/../lib/gcc/arm-none-eabi/9.2.1/../../../../arm-none-eabi/lib/thumb/v7e-m/nofp/libg_nano.a(lib_a-atoi.o)
 .debug_frame   0x0000000000001c58       0x20 /home/jet/work/tools/gcc-arm-none-eabi-9-2019-q4-major/bin/../lib/gcc/arm-none-eabi/9.2.1/../../../../arm-none-eabi/lib/thumb/v7e-m/nofp/libg_nano.a(lib_a-errno.o)
 .debug_frame   0x0000000000001c78       0x28 /home/jet/work/tools/gcc-arm-none-eabi-9-2019-q4-major/bin/../lib/gcc/arm-none-eabi/9.2.1/../../../../arm-none-eabi/lib/thumb/v7e-m/nofp/libg_nano.a(lib_a-memcpy-stub.o)
 .debug_frame   0x0000000000001ca0       0x20 /home/jet/work/tools/gcc-arm-none-eabi-9-2019-q4-major/bin/../lib/gcc/arm-none-eabi/9.2.1/../../../../arm-none-eabi/lib/thumb/v7e-m/nofp/libg_nano.a(lib_a-memset.o)
 .debug_frame   0x0000000000001cc0       0x7c /home/jet/work/tools/gcc-arm-none-eabi-9-2019-q4-major/bin/../lib/gcc/arm-none-eabi/9.2.1/../../../../arm-none-eabi/lib/thumb/v7e-m/nofp/libg_nano.a(lib_a-snprintf.o)
 .debug_frame   0x0000000000001d3c       0x6c /home/jet/work/tools/gcc-arm-none-eabi-9-2019-q4-major/bin/../lib/gcc/arm-none-eabi/9.2.1/../../../../arm-none-eabi/lib/thumb/v7e-m/nofp/libg_nano.a(lib_a-sprintf.o)
 .debug_frame   0x0000000000001da8       0x30 /home/jet/work/tools/gcc-arm-none-eabi-9-2019-q4-major/bin/../lib/gcc/arm-none-eabi/9.2.1/../../../../arm-none-eabi/lib/thumb/v7e-m/nofp/libg_nano.a(lib_a-strstr.o)
 .debug_frame   0x0000000000001dd8       0x64 /home/jet/work/tools/gcc-arm-none-eabi-9-2019-q4-major/bin/../lib/gcc/arm-none-eabi/9.2.1/../../../../arm-none-eabi/lib/thumb/v7e-m/nofp/libg_nano.a(lib_a-strtol.o)
 .debug_frame   0x0000000000001e3c       0x4c /home/jet/work/tools/gcc-arm-none-eabi-9-2019-q4-major/bin/../lib/gcc/arm-none-eabi/9.2.1/../../../../arm-none-eabi/lib/thumb/v7e-m/nofp/libg_nano.a(lib_a-vsnprintf.o)
 .debug_frame   0x0000000000001e88       0x90 /home/jet/work/tools/gcc-arm-none-eabi-9-2019-q4-major/bin/../lib/gcc/arm-none-eabi/9.2.1/../../../../arm-none-eabi/lib/thumb/v7e-m/nofp/libg_nano.a(lib_a-nano-svfprintf.o)
 .debug_frame   0x0000000000001f18       0x60 /home/jet/work/tools/gcc-arm-none-eabi-9-2019-q4-major/bin/../lib/gcc/arm-none-eabi/9.2.1/../../../../arm-none-eabi/lib/thumb/v7e-m/nofp/libg_nano.a(lib_a-nano-vfprintf_i.o)
 .debug_frame   0x0000000000001f78       0x28 /home/jet/work/tools/gcc-arm-none-eabi-9-2019-q4-major/bin/../lib/gcc/arm-none-eabi/9.2.1/../../../../arm-none-eabi/lib/thumb/v7e-m/nofp/libg_nano.a(lib_a-memmove.o)
 .debug_frame   0x0000000000001fa0       0x38 /home/jet/work/tools/gcc-arm-none-eabi-9-2019-q4-major/bin/../lib/gcc/arm-none-eabi/9.2.1/../../../../arm-none-eabi/lib/thumb/v7e-m/nofp/libg_nano.a(lib_a-nano-freer.o)
 .debug_frame   0x0000000000001fd8       0x30 /home/jet/work/tools/gcc-arm-none-eabi-9-2019-q4-major/bin/../lib/gcc/arm-none-eabi/9.2.1/../../../../arm-none-eabi/lib/thumb/v7e-m/nofp/libg_nano.a(lib_a-nano-mallocr.o)
 .debug_frame   0x0000000000002008       0x3c /home/jet/work/tools/gcc-arm-none-eabi-9-2019-q4-major/bin/../lib/gcc/arm-none-eabi/9.2.1/../../../../arm-none-eabi/lib/thumb/v7e-m/nofp/libg_nano.a(lib_a-nano-reallocr.o)
 .debug_frame   0x0000000000002044       0x2c /home/jet/work/tools/gcc-arm-none-eabi-9-2019-q4-major/bin/../lib/gcc/arm-none-eabi/9.2.1/../../../../arm-none-eabi/lib/thumb/v7e-m/nofp/libg_nano.a(lib_a-sbrkr.o)
 .debug_frame   0x0000000000002070       0x30 /home/jet/work/tools/gcc-arm-none-eabi-9-2019-q4-major/bin/../lib/gcc/arm-none-eabi/9.2.1/../../../../arm-none-eabi/lib/thumb/v7e-m/nofp/libg_nano.a(lib_a-mlock.o)
 .debug_frame   0x00000000000020a0       0x20 /home/jet/work/tools/gcc-arm-none-eabi-9-2019-q4-major/bin/../lib/gcc/arm-none-eabi/9.2.1/../../../../arm-none-eabi/lib/thumb/v7e-m/nofp/libg_nano.a(lib_a-nano-msizer.o)
 .debug_frame   0x00000000000020c0       0xb0 /home/jet/work/tools/gcc-arm-none-eabi-9-2019-q4-major/bin/../lib/gcc/arm-none-eabi/9.2.1/../../../../arm-none-eabi/lib/thumb/v7e-m/nofp/libg_nano.a(lib_a-lock.o)

.debug_str      0x0000000000000000    0xd5ccd
 *(.debug_str)
 .debug_str     0x0000000000000000    0xccd6b ./system/src/stm32f4-hal/stm32f4xx_hal.o
                                      0xcd0f5 (size before relaxing)
 .debug_str     0x00000000000ccd6b      0x3a9 ./system/src/stm32f4-hal/stm32f4xx_hal_cortex.o
                                      0xcce65 (size before relaxing)
 .debug_str     0x00000000000cd114      0x534 ./system/src/stm32f4-hal/stm32f4xx_hal_dma.o
                                      0xcc952 (size before relaxing)
 .debug_str     0x00000000000cd648      0x27d ./system/src/stm32f4-hal/stm32f4xx_hal_gpio.o
                                      0xcc783 (size before relaxing)
 .debug_str     0x00000000000cd8c5      0x385 ./system/src/stm32f4-hal/stm32f4xx_hal_rcc.o
                                      0xcc958 (size before relaxing)
 .debug_str     0x00000000000cdc4a      0x6da ./system/src/stm32f4-hal/stm32f4xx_hal_uart.o
                                      0xccdf4 (size before relaxing)
 .debug_str     0x00000000000ce324     0x47bf ./system/src/newlib/exit.o
                                       0x7ebd (size before relaxing)
 .debug_str     0x00000000000d2ae3      0x4f4 ./system/src/newlib/sbrk.o
                                       0x726f (size before relaxing)
 .debug_str     0x00000000000d2fd7      0x2c5 ./system/src/newlib/startup.o
                                       0x69a9 (size before relaxing)
 .debug_str     0x00000000000d329c     0x1198 ./system/src/newlib/syscalls.o
                                       0x8504 (size before relaxing)
 .debug_str     0x00000000000d4434       0xec ./system/src/diag/trace-impl.o
                                      0xcfb32 (size before relaxing)
 .debug_str     0x00000000000d4520      0x813 ./system/src/diag/trace.o
                                       0x8636 (size before relaxing)
 .debug_str     0x00000000000d4d33      0x1e5 ./system/src/cortexm/exception-handlers.o
                                      0xd0d17 (size before relaxing)
 .debug_str     0x00000000000d4f18       0x5d ./system/src/cortexm/initialize-hardware.o
                                      0xcc473 (size before relaxing)
 .debug_str     0x00000000000d4f75       0x46 ./system/src/cmsis/system_stm32f4xx.o
                                      0xcc548 (size before relaxing)
 .debug_str     0x00000000000d4fbb       0x59 ./system/src/cmsis/vectors_stm32f429xx.o
                                       0x3da2 (size before relaxing)
 .debug_str     0x00000000000d5014      0x5de ./src/MQTTConnectClient.o
                                       0x7aaa (size before relaxing)
 .debug_str     0x00000000000d55f2       0x9d ./src/MQTTDeserializePublish.o
                                       0x78da (size before relaxing)
 .debug_str     0x00000000000d568f      0x12b ./src/MQTTPacket.o
                                       0x79ab (size before relaxing)
 .debug_str     0x00000000000d57ba       0xa2 ./src/MQTTSerializePublish.o
                                       0x7988 (size before relaxing)
 .debug_str     0x00000000000d585c      0x2b1 ./src/MQTTSim800.o
                                      0xd1c60 (size before relaxing)
 .debug_str     0x00000000000d5b0d       0x82 ./src/MQTTSubscribeClient.o
                                       0x7979 (size before relaxing)
 .debug_str     0x00000000000d5b8f       0x27 ./src/gpio.o
                                      0xcfc18 (size before relaxing)
 .debug_str     0x00000000000d5bb6       0x30 ./src/initialize-hardware.o
                                      0xcfd0a (size before relaxing)
 .debug_str     0x00000000000d5be6       0x78 ./src/main.o
                                      0xd153d (size before relaxing)
 .debug_str     0x00000000000d5c5e       0x1b ./src/stm32f4xx_hal_msp.o
                                      0xcfb5b (size before relaxing)
 .debug_str     0x00000000000d5c79       0x3a ./src/stm32f4xx_it.o
                                      0xcff1f (size before relaxing)
 .debug_str     0x00000000000d5cb3       0x1a ./src/usart.o
                                      0xd0600 (size before relaxing)

.debug_loc      0x0000000000000000     0x676f
 *(.debug_loc)
 .debug_loc     0x0000000000000000      0x130 ./system/src/stm32f4-hal/stm32f4xx_hal.o
 .debug_loc     0x0000000000000130      0x92e ./system/src/stm32f4-hal/stm32f4xx_hal_cortex.o
 .debug_loc     0x0000000000000a5e      0xb53 ./system/src/stm32f4-hal/stm32f4xx_hal_dma.o
 .debug_loc     0x00000000000015b1      0x65f ./system/src/stm32f4-hal/stm32f4xx_hal_gpio.o
 .debug_loc     0x0000000000001c10      0x562 ./system/src/stm32f4-hal/stm32f4xx_hal_rcc.o
 .debug_loc     0x0000000000002172     0x17ac ./system/src/stm32f4-hal/stm32f4xx_hal_uart.o
 .debug_loc     0x000000000000391e       0x15 ./system/src/newlib/exit.o
 .debug_loc     0x0000000000003933       0x97 ./system/src/newlib/sbrk.o
 .debug_loc     0x00000000000039ca      0x49b ./system/src/newlib/startup.o
 .debug_loc     0x0000000000003e65      0x5ed ./system/src/newlib/syscalls.o
 .debug_loc     0x0000000000004452       0xe5 ./system/src/diag/trace-impl.o
 .debug_loc     0x0000000000004537      0x118 ./system/src/diag/trace.o
 .debug_loc     0x000000000000464f      0x245 ./system/src/cortexm/exception-handlers.o
 .debug_loc     0x0000000000004894      0x16c ./system/src/cmsis/system_stm32f4xx.o
 .debug_loc     0x0000000000004a00      0x4d0 ./src/MQTTConnectClient.o
 .debug_loc     0x0000000000004ed0      0x2f5 ./src/MQTTDeserializePublish.o
 .debug_loc     0x00000000000051c5      0x892 ./src/MQTTPacket.o
 .debug_loc     0x0000000000005a57      0x488 ./src/MQTTSerializePublish.o
 .debug_loc     0x0000000000005edf      0x37d ./src/MQTTSim800.o
 .debug_loc     0x000000000000625c      0x36e ./src/MQTTSubscribeClient.o
 .debug_loc     0x00000000000065ca       0x64 ./src/initialize-hardware.o
 .debug_loc     0x000000000000662e       0xbd ./src/main.o
 .debug_loc     0x00000000000066eb       0x84 ./src/usart.o

.debug_macinfo
 *(.debug_macinfo)

.debug_weaknames
 *(.debug_weaknames)

.debug_funcnames
 *(.debug_funcnames)

.debug_typenames
 *(.debug_typenames)

.debug_varnames
 *(.debug_varnames)
OUTPUT(simMqtt.f4.elf elf32-littlearm)

.debug_ranges   0x0000000000000000      0xa70
 .debug_ranges  0x0000000000000000       0xf0 ./system/src/stm32f4-hal/stm32f4xx_hal.o
 .debug_ranges  0x00000000000000f0      0x128 ./system/src/stm32f4-hal/stm32f4xx_hal_cortex.o
 .debug_ranges  0x0000000000000218       0x80 ./system/src/stm32f4-hal/stm32f4xx_hal_dma.o
 .debug_ranges  0x0000000000000298       0x48 ./system/src/stm32f4-hal/stm32f4xx_hal_gpio.o
 .debug_ranges  0x00000000000002e0       0x90 ./system/src/stm32f4-hal/stm32f4xx_hal_rcc.o
 .debug_ranges  0x0000000000000370      0x1c0 ./system/src/stm32f4-hal/stm32f4xx_hal_uart.o
 .debug_ranges  0x0000000000000530       0x18 ./system/src/newlib/exit.o
 .debug_ranges  0x0000000000000548       0x10 ./system/src/newlib/sbrk.o
 .debug_ranges  0x0000000000000558       0x78 ./system/src/newlib/startup.o
 .debug_ranges  0x00000000000005d0       0xc0 ./system/src/newlib/syscalls.o
 .debug_ranges  0x0000000000000690       0x40 ./system/src/diag/trace-impl.o
 .debug_ranges  0x00000000000006d0       0x28 ./system/src/diag/trace.o
 .debug_ranges  0x00000000000006f8       0x78 ./system/src/cortexm/exception-handlers.o
 .debug_ranges  0x0000000000000770       0x18 ./system/src/cortexm/initialize-hardware.o
 .debug_ranges  0x0000000000000788       0x18 ./system/src/cmsis/system_stm32f4xx.o
 .debug_ranges  0x00000000000007a0       0x10 ./system/src/cmsis/vectors_stm32f429xx.o
 .debug_ranges  0x00000000000007b0       0x38 ./src/MQTTConnectClient.o
 .debug_ranges  0x00000000000007e8       0x18 ./src/MQTTDeserializePublish.o
 .debug_ranges  0x0000000000000800       0xb8 ./src/MQTTPacket.o
 .debug_ranges  0x00000000000008b8       0x38 ./src/MQTTSerializePublish.o
 .debug_ranges  0x00000000000008f0       0x80 ./src/MQTTSim800.o
 .debug_ranges  0x0000000000000970       0x20 ./src/MQTTSubscribeClient.o
 .debug_ranges  0x0000000000000990       0x10 ./src/gpio.o
 .debug_ranges  0x00000000000009a0       0x20 ./src/initialize-hardware.o
 .debug_ranges  0x00000000000009c0       0x28 ./src/main.o
 .debug_ranges  0x00000000000009e8       0x10 ./src/stm32f4xx_hal_msp.o
 .debug_ranges  0x00000000000009f8       0x58 ./src/stm32f4xx_it.o
 .debug_ranges  0x0000000000000a50       0x20 ./src/usart.o

.debug_macro    0x0000000000000000    0x26831
 .debug_macro   0x0000000000000000      0x224 ./system/src/stm32f4-hal/stm32f4xx_hal.o
 .debug_macro   0x0000000000000224      0xab4 ./system/src/stm32f4-hal/stm32f4xx_hal.o
 .debug_macro   0x0000000000000cd8      0x295 ./system/src/stm32f4-hal/stm32f4xx_hal.o
 .debug_macro   0x0000000000000f6d       0x2e ./system/src/stm32f4-hal/stm32f4xx_hal.o
 .debug_macro   0x0000000000000f9b       0x28 ./system/src/stm32f4-hal/stm32f4xx_hal.o
 .debug_macro   0x0000000000000fc3       0x22 ./system/src/stm32f4-hal/stm32f4xx_hal.o
 .debug_macro   0x0000000000000fe5       0x8e ./system/src/stm32f4-hal/stm32f4xx_hal.o
 .debug_macro   0x0000000000001073       0x51 ./system/src/stm32f4-hal/stm32f4xx_hal.o
 .debug_macro   0x00000000000010c4       0xef ./system/src/stm32f4-hal/stm32f4xx_hal.o
 .debug_macro   0x00000000000011b3       0x6a ./system/src/stm32f4-hal/stm32f4xx_hal.o
 .debug_macro   0x000000000000121d      0x1df ./system/src/stm32f4-hal/stm32f4xx_hal.o
 .debug_macro   0x00000000000013fc       0x1c ./system/src/stm32f4-hal/stm32f4xx_hal.o
 .debug_macro   0x0000000000001418       0x22 ./system/src/stm32f4-hal/stm32f4xx_hal.o
 .debug_macro   0x000000000000143a       0xdf ./system/src/stm32f4-hal/stm32f4xx_hal.o
 .debug_macro   0x0000000000001519     0x102d ./system/src/stm32f4-hal/stm32f4xx_hal.o
 .debug_macro   0x0000000000002546      0x11f ./system/src/stm32f4-hal/stm32f4xx_hal.o
 .debug_macro   0x0000000000002665    0x17f69 ./system/src/stm32f4-hal/stm32f4xx_hal.o
 .debug_macro   0x000000000001a5ce       0x43 ./system/src/stm32f4-hal/stm32f4xx_hal.o
 .debug_macro   0x000000000001a611     0x36c9 ./system/src/stm32f4-hal/stm32f4xx_hal.o
 .debug_macro   0x000000000001dcda      0x174 ./system/src/stm32f4-hal/stm32f4xx_hal.o
 .debug_macro   0x000000000001de4e       0x5a ./system/src/stm32f4-hal/stm32f4xx_hal.o
 .debug_macro   0x000000000001dea8      0xca5 ./system/src/stm32f4-hal/stm32f4xx_hal.o
 .debug_macro   0x000000000001eb4d      0x9fe ./system/src/stm32f4-hal/stm32f4xx_hal.o
 .debug_macro   0x000000000001f54b      0x117 ./system/src/stm32f4-hal/stm32f4xx_hal.o
 .debug_macro   0x000000000001f662      0x157 ./system/src/stm32f4-hal/stm32f4xx_hal.o
 .debug_macro   0x000000000001f7b9       0x27 ./system/src/stm32f4-hal/stm32f4xx_hal.o
 .debug_macro   0x000000000001f7e0      0x182 ./system/src/stm32f4-hal/stm32f4xx_hal.o
 .debug_macro   0x000000000001f962      0x287 ./system/src/stm32f4-hal/stm32f4xx_hal.o
 .debug_macro   0x000000000001fbe9       0x5f ./system/src/stm32f4-hal/stm32f4xx_hal.o
 .debug_macro   0x000000000001fc48      0x236 ./system/src/stm32f4-hal/stm32f4xx_hal.o
 .debug_macro   0x000000000001fe7e      0x132 ./system/src/stm32f4-hal/stm32f4xx_hal.o
 .debug_macro   0x000000000001ffb0      0x41d ./system/src/stm32f4-hal/stm32f4xx_hal.o
 .debug_macro   0x00000000000203cd       0x2e ./system/src/stm32f4-hal/stm32f4xx_hal.o
 .debug_macro   0x00000000000203fb      0x11a ./system/src/stm32f4-hal/stm32f4xx_hal.o
 .debug_macro   0x0000000000020515       0xe2 ./system/src/stm32f4-hal/stm32f4xx_hal.o
 .debug_macro   0x00000000000205f7       0x89 ./system/src/stm32f4-hal/stm32f4xx_hal.o
 .debug_macro   0x0000000000020680      0x287 ./system/src/stm32f4-hal/stm32f4xx_hal.o
 .debug_macro   0x0000000000020907      0x217 ./system/src/stm32f4-hal/stm32f4xx_hal.o
 .debug_macro   0x0000000000020b1e      0x134 ./system/src/stm32f4-hal/stm32f4xx_hal.o
 .debug_macro   0x0000000000020c52      0x1c4 ./system/src/stm32f4-hal/stm32f4xx_hal_cortex.o
 .debug_macro   0x0000000000020e16      0x1ca ./system/src/stm32f4-hal/stm32f4xx_hal_dma.o
 .debug_macro   0x0000000000020fe0      0x1fa ./system/src/stm32f4-hal/stm32f4xx_hal_gpio.o
 .debug_macro   0x00000000000211da      0x1e8 ./system/src/stm32f4-hal/stm32f4xx_hal_rcc.o
 .debug_macro   0x00000000000213c2      0x1c5 ./system/src/stm32f4-hal/stm32f4xx_hal_uart.o
 .debug_macro   0x0000000000021587      0x1b4 ./system/src/newlib/exit.o
 .debug_macro   0x000000000002173b      0x169 ./system/src/newlib/sbrk.o
 .debug_macro   0x00000000000218a4       0x10 ./system/src/newlib/sbrk.o
 .debug_macro   0x00000000000218b4      0x23b ./system/src/newlib/sbrk.o
 .debug_macro   0x0000000000021aef      0x188 ./system/src/newlib/startup.o
 .debug_macro   0x0000000000021c77      0xab4 ./system/src/newlib/startup.o
 .debug_macro   0x000000000002272b       0x5e ./system/src/newlib/startup.o
 .debug_macro   0x0000000000022789      0x226 ./system/src/newlib/syscalls.o
 .debug_macro   0x00000000000229af       0x1c ./system/src/newlib/syscalls.o
 .debug_macro   0x00000000000229cb       0x10 ./system/src/newlib/syscalls.o
 .debug_macro   0x00000000000229db       0x10 ./system/src/newlib/syscalls.o
 .debug_macro   0x00000000000229eb       0x10 ./system/src/newlib/syscalls.o
 .debug_macro   0x00000000000229fb       0x35 ./system/src/newlib/syscalls.o
 .debug_macro   0x0000000000022a30      0x122 ./system/src/newlib/syscalls.o
 .debug_macro   0x0000000000022b52       0x88 ./system/src/newlib/syscalls.o
 .debug_macro   0x0000000000022bda       0x7c ./system/src/newlib/syscalls.o
 .debug_macro   0x0000000000022c56       0x17 ./system/src/newlib/syscalls.o
 .debug_macro   0x0000000000022c6d      0x118 ./system/src/newlib/syscalls.o
 .debug_macro   0x0000000000022d85      0x189 ./system/src/newlib/syscalls.o
 .debug_macro   0x0000000000022f0e       0x16 ./system/src/newlib/syscalls.o
 .debug_macro   0x0000000000022f24      0x303 ./system/src/diag/trace-impl.o
 .debug_macro   0x0000000000023227       0x10 ./system/src/diag/trace-impl.o
 .debug_macro   0x0000000000023237      0x333 ./system/src/diag/trace-impl.o
 .debug_macro   0x000000000002356a      0x1fb ./system/src/diag/trace.o
 .debug_macro   0x0000000000023765       0x16 ./system/src/diag/trace.o
 .debug_macro   0x000000000002377b       0x97 ./system/src/diag/trace.o
 .debug_macro   0x0000000000023812       0xfd ./system/src/diag/trace.o
 .debug_macro   0x000000000002390f       0x10 ./system/src/diag/trace.o
 .debug_macro   0x000000000002391f       0x16 ./system/src/diag/trace.o
 .debug_macro   0x0000000000023935      0x16f ./system/src/diag/trace.o
 .debug_macro   0x0000000000023aa4       0x4c ./system/src/diag/trace.o
 .debug_macro   0x0000000000023af0       0x16 ./system/src/diag/trace.o
 .debug_macro   0x0000000000023b06      0x35e ./system/src/cortexm/exception-handlers.o
 .debug_macro   0x0000000000023e64       0x22 ./system/src/cortexm/exception-handlers.o
 .debug_macro   0x0000000000023e86       0x10 ./system/src/cortexm/exception-handlers.o
 .debug_macro   0x0000000000023e96      0x1ce ./system/src/cortexm/initialize-hardware.o
 .debug_macro   0x0000000000024064      0x1ca ./system/src/cmsis/system_stm32f4xx.o
 .debug_macro   0x000000000002422e       0x73 ./system/src/cmsis/vectors_stm32f429xx.o
 .debug_macro   0x00000000000242a1      0x212 ./src/MQTTConnectClient.o
 .debug_macro   0x00000000000244b3       0x1c ./src/MQTTConnectClient.o
 .debug_macro   0x00000000000244cf       0x17 ./src/MQTTConnectClient.o
 .debug_macro   0x00000000000244e6       0x4c ./src/MQTTConnectClient.o
 .debug_macro   0x0000000000024532      0x218 ./src/MQTTDeserializePublish.o
 .debug_macro   0x000000000002474a      0x218 ./src/MQTTPacket.o
 .debug_macro   0x0000000000024962      0x212 ./src/MQTTSerializePublish.o
 .debug_macro   0x0000000000024b74      0x3dc ./src/MQTTSim800.o
 .debug_macro   0x0000000000024f50       0xcf ./src/MQTTSim800.o